Component: ARM Compiler 5.06 update 4 (build 422) Tool: armlink [4d35d2]

==============================================================================

Section Cross References

    startup_stm32g071xx.o(RESET) refers to startup_stm32g071xx.o(STACK) for __initial_sp
    startup_stm32g071xx.o(RESET) refers to startup_stm32g071xx.o(.text) for Reset_Handler
    startup_stm32g071xx.o(RESET) refers to stm32g0xx_it.o(i.NMI_Handler) for NMI_Handler
    startup_stm32g071xx.o(RESET) refers to stm32g0xx_it.o(i.HardFault_Handler) for HardFault_Handler
    startup_stm32g071xx.o(RESET) refers to stm32g0xx_it.o(i.SVC_Handler) for SVC_Handler
    startup_stm32g071xx.o(RESET) refers to stm32g0xx_it.o(i.PendSV_Handler) for PendSV_Handler
    startup_stm32g071xx.o(RESET) refers to stm32g0xx_it.o(i.SysTick_Handler) for SysTick_Handler
    startup_stm32g071xx.o(RESET) refers to stm32g0xx_it.o(i.DMA1_Channel1_IRQHandler) for DMA1_Channel1_IRQHandler
    startup_stm32g071xx.o(RESET) refers to stm32g0xx_it.o(i.DMA1_Channel2_3_IRQHandler) for DMA1_Channel2_3_IRQHandler
    startup_stm32g071xx.o(RESET) refers to stm32g0xx_it.o(i.USART3_4_LPUART1_IRQHandler) for USART3_4_LPUART1_IRQHandler
    startup_stm32g071xx.o(.text) refers to system_stm32g0xx.o(i.SystemInit) for SystemInit
    startup_stm32g071xx.o(.text) refers to entry.o(.ARM.Collect$$$$00000000) for __main
    main.o(i.SystemClock_Config) refers to memseta.o(.text) for __aeabi_memclr4
    main.o(i.SystemClock_Config) refers to stm32g0xx_hal_pwr_ex.o(i.HAL_PWREx_ControlVoltageScaling) for HAL_PWREx_ControlVoltageScaling
    main.o(i.SystemClock_Config) refers to stm32g0xx_hal_rcc.o(i.HAL_RCC_OscConfig) for HAL_RCC_OscConfig
    main.o(i.SystemClock_Config) refers to stm32g0xx_hal_rcc.o(i.HAL_RCC_ClockConfig) for HAL_RCC_ClockConfig
    main.o(i.SystemClock_Config) refers to stm32g0xx_hal_rcc_ex.o(i.HAL_RCCEx_PeriphCLKConfig) for HAL_RCCEx_PeriphCLKConfig
    main.o(i.main) refers to stm32g0xx_hal.o(i.HAL_Init) for HAL_Init
    main.o(i.main) refers to main.o(i.SystemClock_Config) for SystemClock_Config
    main.o(i.main) refers to gpio.o(i.MX_GPIO_Init) for MX_GPIO_Init
    main.o(i.main) refers to dma.o(i.MX_DMA_Init) for MX_DMA_Init
    main.o(i.main) refers to usart.o(i.MX_LPUART1_UART_Init) for MX_LPUART1_UART_Init
    main.o(i.main) refers to stm32g0xx_hal_uart.o(i.HAL_UART_Receive_DMA) for HAL_UART_Receive_DMA
    main.o(i.main) refers to stm32g0xx_hal_uart.o(i.HAL_UART_Transmit_DMA) for HAL_UART_Transmit_DMA
    main.o(i.main) refers to main.o(.bss) for .bss
    main.o(i.main) refers to usart.o(.bss) for hlpuart1
    dma.o(i.MX_DMA_Init) refers to stm32g0xx_hal_cortex.o(i.HAL_NVIC_SetPriority) for HAL_NVIC_SetPriority
    dma.o(i.MX_DMA_Init) refers to stm32g0xx_hal_cortex.o(i.HAL_NVIC_EnableIRQ) for HAL_NVIC_EnableIRQ
    usart.o(i.HAL_UART_MspDeInit) refers to stm32g0xx_hal_gpio.o(i.HAL_GPIO_DeInit) for HAL_GPIO_DeInit
    usart.o(i.HAL_UART_MspDeInit) refers to stm32g0xx_hal_dma.o(i.HAL_DMA_DeInit) for HAL_DMA_DeInit
    usart.o(i.HAL_UART_MspDeInit) refers to stm32g0xx_hal_cortex.o(i.HAL_NVIC_DisableIRQ) for HAL_NVIC_DisableIRQ
    usart.o(i.HAL_UART_MspInit) refers to memseta.o(.text) for __aeabi_memclr4
    usart.o(i.HAL_UART_MspInit) refers to stm32g0xx_hal_gpio.o(i.HAL_GPIO_Init) for HAL_GPIO_Init
    usart.o(i.HAL_UART_MspInit) refers to stm32g0xx_hal_dma.o(i.HAL_DMA_Init) for HAL_DMA_Init
    usart.o(i.HAL_UART_MspInit) refers to main.o(i.Error_Handler) for Error_Handler
    usart.o(i.HAL_UART_MspInit) refers to stm32g0xx_hal_cortex.o(i.HAL_NVIC_SetPriority) for HAL_NVIC_SetPriority
    usart.o(i.HAL_UART_MspInit) refers to stm32g0xx_hal_cortex.o(i.HAL_NVIC_EnableIRQ) for HAL_NVIC_EnableIRQ
    usart.o(i.HAL_UART_MspInit) refers to usart.o(.bss) for .bss
    usart.o(i.LpuartReceive_IDLE) refers to stm32g0xx_hal_uart.o(i.HAL_UART_DMAStop) for HAL_UART_DMAStop
    usart.o(i.LpuartReceive_IDLE) refers to stm32g0xx_hal_uart.o(i.HAL_UART_Receive_DMA) for HAL_UART_Receive_DMA
    usart.o(i.LpuartReceive_IDLE) refers to usart.o(.bss) for .bss
    usart.o(i.LpuartReceive_IDLE) refers to main.o(.bss) for S_Data_From_Uart
    usart.o(i.MX_LPUART1_UART_Init) refers to stm32g0xx_hal_uart.o(i.HAL_UART_Init) for HAL_UART_Init
    usart.o(i.MX_LPUART1_UART_Init) refers to main.o(i.Error_Handler) for Error_Handler
    usart.o(i.MX_LPUART1_UART_Init) refers to stm32g0xx_hal_uart_ex.o(i.HAL_UARTEx_SetTxFifoThreshold) for HAL_UARTEx_SetTxFifoThreshold
    usart.o(i.MX_LPUART1_UART_Init) refers to stm32g0xx_hal_uart_ex.o(i.HAL_UARTEx_SetRxFifoThreshold) for HAL_UARTEx_SetRxFifoThreshold
    usart.o(i.MX_LPUART1_UART_Init) refers to stm32g0xx_hal_uart_ex.o(i.HAL_UARTEx_DisableFifoMode) for HAL_UARTEx_DisableFifoMode
    usart.o(i.MX_LPUART1_UART_Init) refers to usart.o(.bss) for .bss
    stm32g0xx_it.o(i.DMA1_Channel1_IRQHandler) refers to stm32g0xx_hal_dma.o(i.HAL_DMA_IRQHandler) for HAL_DMA_IRQHandler
[...]
    stm32g0xx_hal_uart.o(i.HAL_LIN_Init) refers to stm32g0xx_hal_uart.o(i.UART_CheckIdleState) for UART_CheckIdleState
    stm32g0xx_hal_uart.o(i.HAL_MultiProcessor_DisableMuteMode) refers to stm32g0xx_hal_uart.o(i.UART_CheckIdleState) for UART_CheckIdleState
    stm32g0xx_hal_uart.o(i.HAL_MultiProcessor_EnableMuteMode) refers to stm32g0xx_hal_uart.o(i.UART_CheckIdleState) for UART_CheckIdleState
    stm32g0xx_hal_uart.o(i.HAL_MultiProcessor_Init) refers to usart.o(i.HAL_UART_MspInit) for HAL_UART_MspInit
    stm32g0xx_hal_uart.o(i.HAL_MultiProcessor_Init) refers to stm32g0xx_hal_uart.o(i.UART_SetConfig) for UART_SetConfig
    stm32g0xx_hal_uart.o(i.HAL_MultiProcessor_Init) refers to stm32g0xx_hal_uart.o(i.UART_AdvFeatureConfig) for UART_AdvFeatureConfig
    stm32g0xx_hal_uart.o(i.HAL_MultiProcessor_Init) refers to stm32g0xx_hal_uart.o(i.UART_CheckIdleState) for UART_CheckIdleState
    stm32g0xx_hal_uart.o(i.HAL_UART_Abort) refers to stm32g0xx_hal_dma.o(i.HAL_DMA_Abort) for HAL_DMA_Abort
    stm32g0xx_hal_uart.o(i.HAL_UART_Abort) refers to stm32g0xx_hal_dma.o(i.HAL_DMA_GetError) for HAL_DMA_GetError
    stm32g0xx_hal_uart.o(i.HAL_UART_AbortReceive) refers to stm32g0xx_hal_dma.o(i.HAL_DMA_Abort) for HAL_DMA_Abort
    stm32g0xx_hal_uart.o(i.HAL_UART_AbortReceive) refers to stm32g0xx_hal_dma.o(i.HAL_DMA_GetError) for HAL_DMA_GetError
    stm32g0xx_hal_uart.o(i.HAL_UART_AbortReceive_IT) refers to stm32g0xx_hal_dma.o(i.HAL_DMA_Abort_IT) for HAL_DMA_Abort_IT
    stm32g0xx_hal_uart.o(i.HAL_UART_AbortReceive_IT) refers to stm32g0xx_hal_uart.o(i.HAL_UART_AbortReceiveCpltCallback) for HAL_UART_AbortReceiveCpltCallback
    stm32g0xx_hal_uart.o(i.HAL_UART_AbortReceive_IT) refers to stm32g0xx_hal_uart.o(i.UART_DMARxOnlyAbortCallback) for UART_DMARxOnlyAbortCallback
    stm32g0xx_hal_uart.o(i.HAL_UART_AbortTransmit) refers to stm32g0xx_hal_dma.o(i.HAL_DMA_Abort) for HAL_DMA_Abort
    stm32g0xx_hal_uart.o(i.HAL_UART_AbortTransmit) refers to stm32g0xx_hal_dma.o(i.HAL_DMA_GetError) for HAL_DMA_GetError
    stm32g0xx_hal_uart.o(i.HAL_UART_AbortTransmit_IT) refers to stm32g0xx_hal_dma.o(i.HAL_DMA_Abort_IT) for HAL_DMA_Abort_IT
    stm32g0xx_hal_uart.o(i.HAL_UART_AbortTransmit_IT) refers to stm32g0xx_hal_uart.o(i.HAL_UART_AbortTransmitCpltCallback) for HAL_UART_AbortTransmitCpltCallback
    stm32g0xx_hal_uart.o(i.HAL_UART_AbortTransmit_IT) refers to stm32g0xx_hal_uart.o(i.UART_DMATxOnlyAbortCallback) for UART_DMATxOnlyAbortCallback
    stm32g0xx_hal_uart.o(i.HAL_UART_Abort_IT) refers to stm32g0xx_hal_dma.o(i.HAL_DMA_Abort_IT) for HAL_DMA_Abort_IT
    stm32g0xx_hal_uart.o(i.HAL_UART_Abort_IT) refers to stm32g0xx_hal_uart.o(i.HAL_UART_AbortCpltCallback) for HAL_UART_AbortCpltCallback
    stm32g0xx_hal_uart.o(i.HAL_UART_Abort_IT) refers to stm32g0xx_hal_uart.o(i.UART_DMATxAbortCallback) for UART_DMATxAbortCallback
    stm32g0xx_hal_uart.o(i.HAL_UART_Abort_IT) refers to stm32g0xx_hal_uart.o(i.UART_DMARxAbortCallback) for UART_DMARxAbortCallback
    stm32g0xx_hal_uart.o(i.HAL_UART_DMAStop) refers to stm32g0xx_hal_dma.o(i.HAL_DMA_Abort) for HAL_DMA_Abort
    stm32g0xx_hal_uart.o(i.HAL_UART_DMAStop) refers to stm32g0xx_hal_dma.o(i.HAL_DMA_GetError) for HAL_DMA_GetError
    stm32g0xx_hal_uart.o(i.HAL_UART_DMAStop) refers to stm32g0xx_hal_uart.o(i.UART_EndTxTransfer) for UART_EndTxTransfer
    stm32g0xx_hal_uart.o(i.HAL_UART_DMAStop) refers to stm32g0xx_hal_uart.o(i.UART_EndRxTransfer) for UART_EndRxTransfer
    stm32g0xx_hal_uart.o(i.HAL_UART_DeInit) refers to usart.o(i.HAL_UART_MspDeInit) for HAL_UART_MspDeInit
    stm32g0xx_hal_uart.o(i.HAL_UART_IRQHandler) refers to stm32g0xx_hal_uart.o(i.UART_EndRxTransfer) for UART_EndRxTransfer
    stm32g0xx_hal_uart.o(i.HAL_UART_IRQHandler) refers to stm32g0xx_hal_dma.o(i.HAL_DMA_Abort_IT) for HAL_DMA_Abort_IT
    stm32g0xx_hal_uart.o(i.HAL_UART_IRQHandler) refers to stm32g0xx_hal_uart.o(i.HAL_UART_ErrorCallback) for HAL_UART_ErrorCallback
    stm32g0xx_hal_uart.o(i.HAL_UART_IRQHandler) refers to stm32g0xx_hal_uart_ex.o(i.HAL_UARTEx_WakeupCallback) for HAL_UARTEx_WakeupCallback
    stm32g0xx_hal_uart.o(i.HAL_UART_IRQHandler) refers to main.o(i.HAL_UART_TxCpltCallback) for HAL_UART_TxCpltCallback
    stm32g0xx_hal_uart.o(i.HAL_UART_IRQHandler) refers to stm32g0xx_hal_uart_ex.o(i.HAL_UARTEx_TxFifoEmptyCallback) for HAL_UARTEx_TxFifoEmptyCallback
    stm32g0xx_hal_uart.o(i.HAL_UART_IRQHandler) refers to stm32g0xx_hal_uart_ex.o(i.HAL_UARTEx_RxFifoFullCallback) for HAL_UARTEx_RxFifoFullCallback
    stm32g0xx_hal_uart.o(i.HAL_UART_IRQHandler) refers to stm32g0xx_hal_uart.o(i.UART_DMAAbortOnError) for UART_DMAAbortOnError
    stm32g0xx_hal_uart.o(i.HAL_UART_Init) refers to usart.o(i.HAL_UART_MspInit) for HAL_UART_MspInit
    stm32g0xx_hal_uart.o(i.HAL_UART_Init) refers to stm32g0xx_hal_uart.o(i.UART_SetConfig) for UART_SetConfig
    stm32g0xx_hal_uart.o(i.HAL_UART_Init) refers to stm32g0xx_hal_uart.o(i.UART_AdvFeatureConfig) for UART_AdvFeatureConfig
    stm32g0xx_hal_uart.o(i.HAL_UART_Init) refers to stm32g0xx_hal_uart.o(i.UART_CheckIdleState) for UART_CheckIdleState
    stm32g0xx_hal_uart.o(i.HAL_UART_Receive) refers to stm32g0xx_hal.o(i.HAL_GetTick) for HAL_GetTick
    stm32g0xx_hal_uart.o(i.HAL_UART_Receive) refers to stm32g0xx_hal_uart.o(i.UART_WaitOnFlagUntilTimeout) for UART_WaitOnFlagUntilTimeout
    stm32g0xx_hal_uart.o(i.HAL_UART_Receive_DMA) refers to stm32g0xx_hal_dma.o(i.HAL_DMA_Start_IT) for HAL_DMA_Start_IT
    stm32g0xx_hal_uart.o(i.HAL_UART_Receive_DMA) refers to stm32g0xx_hal_uart.o(i.UART_DMAReceiveCplt) for UART_DMAReceiveCplt
    stm32g0xx_hal_uart.o(i.HAL_UART_Receive_DMA) refers to stm32g0xx_hal_uart.o(i.UART_DMARxHalfCplt) for UART_DMARxHalfCplt
    stm32g0xx_hal_uart.o(i.HAL_UART_Receive_DMA) refers to stm32g0xx_hal_uart.o(i.UART_DMAError) for UART_DMAError
    stm32g0xx_hal_uart.o(i.HAL_UART_Receive_IT) refers to stm32g0xx_hal_uart.o(i.UART_RxISR_8BIT_FIFOEN) for UART_RxISR_8BIT_FIFOEN
    stm32g0xx_hal_uart.o(i.HAL_UART_Receive_IT) refers to stm32g0xx_hal_uart.o(i.UART_RxISR_16BIT_FIFOEN) for UART_RxISR_16BIT_FIFOEN
    stm32g0xx_hal_uart.o(i.HAL_UART_Receive_IT) refers to stm32g0xx_hal_uart.o(i.UART_RxISR_8BIT) for UART_RxISR_8BIT
    stm32g0xx_hal_uart.o(i.HAL_UART_Receive_IT) refers to stm32g0xx_hal_uart.o(i.UART_RxISR_16BIT) for UART_RxISR_16BIT
    stm32g0xx_hal_uart.o(i.HAL_UART_Transmit) refers to stm32g0xx_hal.o(i.HAL_GetTick) for HAL_GetTick
    stm32g0xx_hal_uart.o(i.HAL_UART_Transmit) refers to stm32g0xx_hal_uart.o(i.UART_WaitOnFlagUntilTimeout) for UART_WaitOnFlagUntilTimeout
    stm32g0xx_hal_uart.o(i.HAL_UART_Transmit_DMA) refers to stm32g0xx_hal_dma.o(i.HAL_DMA_Start_IT) for HAL_DMA_Start_IT
    stm32g0xx_hal_uart.o(i.HAL_UART_Transmit_DMA) refers to stm32g0xx_hal_uart.o(i.UART_DMATransmitCplt) for UART_DMATransmitCplt
    stm32g0xx_hal_uart.o(i.HAL_UART_Transmit_DMA) refers to stm32g0xx_hal_uart.o(i.UART_DMATxHalfCplt) for UART_DMATxHalfCplt
    stm32g0xx_hal_uart.o(i.HAL_UART_Transmit_DMA) refers to stm32g0xx_hal_uart.o(i.UART_DMAError) for UART_DMAError
    stm32g0xx_hal_uart.o(i.HAL_UART_Transmit_IT) refers to stm32g0xx_hal_uart.o(i.UART_TxISR_8BIT_FIFOEN) for UART_TxISR_8BIT_FIFOEN
    stm32g0xx_hal_uart.o(i.HAL_UART_Transmit_IT) refers to stm32g0xx_hal_uart.o(i.UART_TxISR_16BIT_FIFOEN) for UART_TxISR_16BIT_FIFOEN
    stm32g0xx_hal_uart.o(i.HAL_UART_Transmit_IT) refers to stm32g0xx_hal_uart.o(i.UART_TxISR_8BIT) for UART_TxISR_8BIT
    stm32g0xx_hal_uart.o(i.HAL_UART_Transmit_IT) refers to stm32g0xx_hal_uart.o(i.UART_TxISR_16BIT) for UART_TxISR_16BIT
    stm32g0xx_hal_uart.o(i.UART_CheckIdleState) refers to stm32g0xx_hal.o(i.HAL_GetTick) for HAL_GetTick
    stm32g0xx_hal_uart.o(i.UART_CheckIdleState) refers to stm32g0xx_hal_uart.o(i.UART_WaitOnFlagUntilTimeout) for UART_WaitOnFlagUntilTimeout
    stm32g0xx_hal_uart.o(i.UART_DMAAbortOnError) refers to stm32g0xx_hal_uart.o(i.HAL_UART_ErrorCallback) for HAL_UART_ErrorCallback
    stm32g0xx_hal_uart.o(i.UART_DMAError) refers to stm32g0xx_hal_uart.o(i.UART_EndTxTransfer) for UART_EndTxTransfer
    stm32g0xx_hal_uart.o(i.UART_DMAError) refers to stm32g0xx_hal_uart.o(i.UART_EndRxTransfer) for UART_EndRxTransfer
    stm32g0xx_hal_uart.o(i.UART_DMAError) refers to stm32g0xx_hal_uart.o(i.HAL_UART_ErrorCallback) for HAL_UART_ErrorCallback
    stm32g0xx_hal_uart.o(i.UART_DMAReceiveCplt) refers to main.o(i.HAL_UART_RxCpltCallback) for HAL_UART_RxCpltCallback
    stm32g0xx_hal_uart.o(i.UART_DMARxAbortCallback) refers to stm32g0xx_hal_uart.o(i.HAL_UART_AbortCpltCallback) for HAL_UART_AbortCpltCallback
    stm32g0xx_hal_uart.o(i.UART_DMARxHalfCplt) refers to stm32g0xx_hal_uart.o(i.HAL_UART_RxHalfCpltCallback) for HAL_UART_RxHalfCpltCallback
    stm32g0xx_hal_uart.o(i.UART_DMARxOnlyAbortCallback) refers to stm32g0xx_hal_uart.o(i.HAL_UART_AbortReceiveCpltCallback) for HAL_UART_AbortReceiveCpltCallback
    stm32g0xx_hal_uart.o(i.UART_DMATransmitCplt) refers to main.o(i.HAL_UART_TxCpltCallback) for HAL_UART_TxCpltCallback
    stm32g0xx_hal_uart.o(i.UART_DMATxAbortCallback) refers to stm32g0xx_hal_uart.o(i.HAL_UART_AbortCpltCallback) for HAL_UART_AbortCpltCallback
    stm32g0xx_hal_uart.o(i.UART_DMATxHalfCplt) refers to stm32g0xx_hal_uart.o(i.HAL_UART_TxHalfCpltCallback) for HAL_UART_TxHalfCpltCallback
    stm32g0xx_hal_uart.o(i.UART_DMATxOnlyAbortCallback) refers to stm32g0xx_hal_uart.o(i.HAL_UART_AbortTransmitCpltCallback) for HAL_UART_AbortTransmitCpltCallback
    stm32g0xx_hal_uart.o(i.UART_RxISR_16BIT) refers to main.o(i.HAL_UART_RxCpltCallback) for HAL_UART_RxCpltCallback
    stm32g0xx_hal_uart.o(i.UART_RxISR_16BIT_FIFOEN) refers to main.o(i.HAL_UART_RxCpltCallback) for HAL_UART_RxCpltCallback
    stm32g0xx_hal_uart.o(i.UART_RxISR_16BIT_FIFOEN) refers to stm32g0xx_hal_uart.o(i.UART_RxISR_16BIT) for UART_RxISR_16BIT
    stm32g0xx_hal_uart.o(i.UART_RxISR_8BIT) refers to main.o(i.HAL_UART_RxCpltCallback) for HAL_UART_RxCpltCallback
    stm32g0xx_hal_uart.o(i.UART_RxISR_8BIT_FIFOEN) refers to main.o(i.HAL_UART_RxCpltCallback) for HAL_UART_RxCpltCallback
    stm32g0xx_hal_uart.o(i.UART_RxISR_8BIT_FIFOEN) refers to stm32g0xx_hal_uart.o(i.UART_RxISR_8BIT) for UART_RxISR_8BIT
    stm32g0xx_hal_uart.o(i.UART_SetConfig) refers to stm32g0xx_hal_rcc.o(i.HAL_RCC_GetPCLK1Freq) for HAL_RCC_GetPCLK1Freq
    stm32g0xx_hal_uart.o(i.UART_SetConfig) refers to uidiv.o(.text) for __aeabi_uidivmod
    stm32g0xx_hal_uart.o(i.UART_SetConfig) refers to stm32g0xx_hal_rcc.o(i.HAL_RCC_GetSysClockFreq) for HAL_RCC_GetSysClockFreq
    stm32g0xx_hal_uart.o(i.UART_SetConfig) refers to uldiv.o(.text) for __aeabi_uldivmod
    stm32g0xx_hal_uart.o(i.UART_WaitOnFlagUntilTimeout) refers to stm32g0xx_hal.o(i.HAL_GetTick) for HAL_GetTick
    stm32g0xx_hal_uart_ex.o(i.HAL_MultiProcessorEx_AddressLength_Set) refers to stm32g0xx_hal_uart.o(i.UART_CheckIdleState) for UART_CheckIdleState
    stm32g0xx_hal_uart_ex.o(i.HAL_RS485Ex_Init) refers to usart.o(i.HAL_UART_MspInit) for HAL_UART_MspInit
    stm32g0xx_hal_uart_ex.o(i.HAL_RS485Ex_Init) refers to stm32g0xx_hal_uart.o(i.UART_SetConfig) for UART_SetConfig
    stm32g0xx_hal_uart_ex.o(i.HAL_RS485Ex_Init) refers to stm32g0xx_hal_uart.o(i.UART_AdvFeatureConfig) for UART_AdvFeatureConfig
    stm32g0xx_hal_uart_ex.o(i.HAL_RS485Ex_Init) refers to stm32g0xx_hal_uart.o(i.UART_CheckIdleState) for UART_CheckIdleState
    stm32g0xx_hal_uart_ex.o(i.HAL_UARTEx_EnableFifoMode) refers to stm32g0xx_hal_uart_ex.o(i.UARTEx_SetNbDataToProcess) for UARTEx_SetNbDataToProcess
    stm32g0xx_hal_uart_ex.o(i.HAL_UARTEx_SetRxFifoThreshold) refers to stm32g0xx_hal_uart_ex.o(i.UARTEx_SetNbDataToProcess) for UARTEx_SetNbDataToProcess
    stm32g0xx_hal_uart_ex.o(i.HAL_UARTEx_SetTxFifoThreshold) refers to stm32g0xx_hal_uart_ex.o(i.UARTEx_SetNbDataToProcess) for UARTEx_SetNbDataToProcess
    stm32g0xx_hal_uart_ex.o(i.HAL_UARTEx_StopModeWakeUpSourceConfig) refers to stm32g0xx_hal.o(i.HAL_GetTick) for HAL_GetTick
    stm32g0xx_hal_uart_ex.o(i.HAL_UARTEx_StopModeWakeUpSourceConfig) refers to stm32g0xx_hal_uart.o(i.UART_WaitOnFlagUntilTimeout) for UART_WaitOnFlagUntilTimeout
    stm32g0xx_hal_uart_ex.o(i.UARTEx_SetNbDataToProcess) refers to uidiv.o(.text) for __aeabi_uidivmod
    stm32g0xx_hal_rcc.o(i.HAL_RCC_ClockConfig) refers to stm32g0xx_hal.o(i.HAL_GetTick) for HAL_GetTick
    stm32g0xx_hal_rcc.o(i.HAL_RCC_ClockConfig) refers to stm32g0xx_hal_rcc.o(i.HAL_RCC_GetSysClockFreq) for HAL_RCC_GetSysClockFreq
    stm32g0xx_hal_rcc.o(i.HAL_RCC_ClockConfig) refers to stm32g0xx_hal.o(i.HAL_InitTick) for HAL_InitTick
    stm32g0xx_hal_rcc.o(i.HAL_RCC_ClockConfig) refers to system_stm32g0xx.o(.constdata) for AHBPrescTable
    stm32g0xx_hal_rcc.o(i.HAL_RCC_ClockConfig) refers to system_stm32g0xx.o(.data) for SystemCoreClock
    stm32g0xx_hal_rcc.o(i.HAL_RCC_ClockConfig) refers to stm32g0xx_hal.o(.data) for uwTickPrio
    stm32g0xx_hal_rcc.o(i.HAL_RCC_DeInit) refers to stm32g0xx_hal.o(i.HAL_GetTick) for HAL_GetTick
    stm32g0xx_hal_rcc.o(i.HAL_RCC_DeInit) refers to stm32g0xx_hal.o(i.HAL_InitTick) for HAL_InitTick
    stm32g0xx_hal_rcc.o(i.HAL_RCC_DeInit) refers to system_stm32g0xx.o(.data) for SystemCoreClock
    stm32g0xx_hal_rcc.o(i.HAL_RCC_DeInit) refers to stm32g0xx_hal.o(.data) for uwTickPrio
    stm32g0xx_hal_rcc.o(i.HAL_RCC_GetHCLKFreq) refers to system_stm32g0xx.o(.data) for SystemCoreClock
    stm32g0xx_hal_rcc.o(i.HAL_RCC_GetPCLK1Freq) refers to system_stm32g0xx.o(.data) for SystemCoreClock
    stm32g0xx_hal_rcc.o(i.HAL_RCC_GetPCLK1Freq) refers to system_stm32g0xx.o(.constdata) for APBPrescTable
    stm32g0xx_hal_rcc.o(i.HAL_RCC_GetSysClockFreq) refers to uidiv.o(.text) for __aeabi_uidivmod
    stm32g0xx_hal_rcc.o(i.HAL_RCC_MCOConfig) refers to stm32g0xx_hal_gpio.o(i.HAL_GPIO_Init) for HAL_GPIO_Init
    stm32g0xx_hal_rcc.o(i.HAL_RCC_NMI_IRQHandler) refers to stm32g0xx_hal_rcc.o(i.HAL_RCC_CSSCallback) for HAL_RCC_CSSCallback
    stm32g0xx_hal_rcc.o(i.HAL_RCC_NMI_IRQHandler) refers to stm32g0xx_hal_rcc.o(i.HAL_RCC_LSECSSCallback) for HAL_RCC_LSECSSCallback
    stm32g0xx_hal_rcc.o(i.HAL_RCC_OscConfig) refers to stm32g0xx_hal.o(i.HAL_GetTick) for HAL_GetTick
    stm32g0xx_hal_rcc.o(i.HAL_RCC_OscConfig) refers to uidiv.o(.text) for __aeabi_uidivmod
    stm32g0xx_hal_rcc.o(i.HAL_RCC_OscConfig) refers to stm32g0xx_hal.o(i.HAL_InitTick) for HAL_InitTick
    stm32g0xx_hal_rcc.o(i.HAL_RCC_OscConfig) refers to system_stm32g0xx.o(.data) for SystemCoreClock
    stm32g0xx_hal_rcc.o(i.HAL_RCC_OscConfig) refers to stm32g0xx_hal.o(.data) for uwTickPrio
    stm32g0xx_hal_rcc_ex.o(i.HAL_RCCEx_DisableLSCO) refers to stm32g0xx_hal_pwr.o(i.HAL_PWR_EnableBkUpAccess) for HAL_PWR_EnableBkUpAccess
    stm32g0xx_hal_rcc_ex.o(i.HAL_RCCEx_DisableLSCO) refers to stm32g0xx_hal_pwr.o(i.HAL_PWR_DisableBkUpAccess) for HAL_PWR_DisableBkUpAccess
    stm32g0xx_hal_rcc_ex.o(i.HAL_RCCEx_EnableLSCO) refers to stm32g0xx_hal_gpio.o(i.HAL_GPIO_Init) for HAL_GPIO_Init
    stm32g0xx_hal_rcc_ex.o(i.HAL_RCCEx_EnableLSCO) refers to stm32g0xx_hal_pwr.o(i.HAL_PWR_EnableBkUpAccess) for HAL_PWR_EnableBkUpAccess
    stm32g0xx_hal_rcc_ex.o(i.HAL_RCCEx_EnableLSCO) refers to stm32g0xx_hal_pwr.o(i.HAL_PWR_DisableBkUpAccess) for HAL_PWR_DisableBkUpAccess
    stm32g0xx_hal_rcc_ex.o(i.HAL_RCCEx_GetPeriphCLKFreq) refers to uidiv.o(.text) for __aeabi_uidivmod
    stm32g0xx_hal_rcc_ex.o(i.HAL_RCCEx_GetPeriphCLKFreq) refers to stm32g0xx_hal_rcc.o(i.HAL_RCC_GetSysClockFreq) for HAL_RCC_GetSysClockFreq
    stm32g0xx_hal_rcc_ex.o(i.HAL_RCCEx_GetPeriphCLKFreq) refers to stm32g0xx_hal_rcc.o(i.HAL_RCC_GetPCLK1Freq) for HAL_RCC_GetPCLK1Freq
    stm32g0xx_hal_rcc_ex.o(i.HAL_RCCEx_PeriphCLKConfig) refers to stm32g0xx_hal.o(i.HAL_GetTick) for HAL_GetTick
    stm32g0xx_hal_flash.o(i.FLASH_WaitForLastOperation) refers to stm32g0xx_hal.o(i.HAL_GetTick) for HAL_GetTick
    stm32g0xx_hal_flash.o(i.FLASH_WaitForLastOperation) refers to stm32g0xx_hal_flash.o(.bss) for .bss
    stm32g0xx_hal_flash.o(i.HAL_FLASH_GetError) refers to stm32g0xx_hal_flash.o(.bss) for .bss
    stm32g0xx_hal_flash.o(i.HAL_FLASH_IRQHandler) refers to stm32g0xx_hal_flash.o(i.HAL_FLASH_OperationErrorCallback) for HAL_FLASH_OperationErrorCallback
    stm32g0xx_hal_flash.o(i.HAL_FLASH_IRQHandler) refers to stm32g0xx_hal_flash_ex.o(i.FLASH_PageErase) for FLASH_PageErase
    stm32g0xx_hal_flash.o(i.HAL_FLASH_IRQHandler) refers to stm32g0xx_hal_flash.o(i.HAL_FLASH_EndOfOperationCallback) for HAL_FLASH_EndOfOperationCallback
    stm32g0xx_hal_flash.o(i.HAL_FLASH_IRQHandler) refers to stm32g0xx_hal_flash.o(.bss) for .bss
    stm32g0xx_hal_flash.o(i.HAL_FLASH_Program) refers to stm32g0xx_hal_flash.o(i.FLASH_WaitForLastOperation) for FLASH_WaitForLastOperation
    stm32g0xx_hal_flash.o(i.HAL_FLASH_Program) refers to stm32g0xx_hal_flash.o(i.FLASH_Program_Fast) for FLASH_Program_Fast
    stm32g0xx_hal_flash.o(i.HAL_FLASH_Program) refers to stm32g0xx_hal_flash.o(i.FLASH_Program_DoubleWord) for FLASH_Program_DoubleWord
    stm32g0xx_hal_flash.o(i.HAL_FLASH_Program) refers to stm32g0xx_hal_flash.o(.bss) for .bss
    stm32g0xx_hal_flash.o(i.HAL_FLASH_Program_IT) refers to stm32g0xx_hal_flash.o(i.FLASH_WaitForLastOperation) for FLASH_WaitForLastOperation
    stm32g0xx_hal_flash.o(i.HAL_FLASH_Program_IT) refers to stm32g0xx_hal_flash.o(i.FLASH_Program_Fast) for FLASH_Program_Fast
    stm32g0xx_hal_flash.o(i.HAL_FLASH_Program_IT) refers to stm32g0xx_hal_flash.o(i.FLASH_Program_DoubleWord) for FLASH_Program_DoubleWord
    stm32g0xx_hal_flash.o(i.HAL_FLASH_Program_IT) refers to stm32g0xx_hal_flash.o(.bss) for .bss
    stm32g0xx_hal_flash_ex.o(i.HAL_FLASHEx_Erase) refers to stm32g0xx_hal_flash.o(i.FLASH_WaitForLastOperation) for FLASH_WaitForLastOperation
    stm32g0xx_hal_flash_ex.o(i.HAL_FLASHEx_Erase) refers to stm32g0xx_hal_flash_ex.o(i.FLASH_MassErase) for FLASH_MassErase
    stm32g0xx_hal_flash_ex.o(i.HAL_FLASHEx_Erase) refers to stm32g0xx_hal_flash_ex.o(i.FLASH_PageErase) for FLASH_PageErase
    stm32g0xx_hal_flash_ex.o(i.HAL_FLASHEx_Erase) refers to stm32g0xx_hal_flash.o(.bss) for pFlash
    stm32g0xx_hal_flash_ex.o(i.HAL_FLASHEx_Erase_IT) refers to stm32g0xx_hal_flash.o(i.FLASH_WaitForLastOperation) for FLASH_WaitForLastOperation
    stm32g0xx_hal_flash_ex.o(i.HAL_FLASHEx_Erase_IT) refers to stm32g0xx_hal_flash_ex.o(i.FLASH_PageErase) for FLASH_PageErase
    stm32g0xx_hal_flash_ex.o(i.HAL_FLASHEx_Erase_IT) refers to stm32g0xx_hal_flash_ex.o(i.FLASH_MassErase) for FLASH_MassErase
    stm32g0xx_hal_flash_ex.o(i.HAL_FLASHEx_Erase_IT) refers to stm32g0xx_hal_flash.o(.bss) for pFlash
    stm32g0xx_hal_flash_ex.o(i.HAL_FLASHEx_OBGetConfig) refers to stm32g0xx_hal_flash_ex.o(i.FLASH_OB_GetRDP) for FLASH_OB_GetRDP
    stm32g0xx_hal_flash_ex.o(i.HAL_FLASHEx_OBGetConfig) refers to stm32g0xx_hal_flash_ex.o(i.FLASH_OB_GetUser) for FLASH_OB_GetUser
    stm32g0xx_hal_flash_ex.o(i.HAL_FLASHEx_OBProgram) refers to stm32g0xx_hal_flash_ex.o(i.FLASH_OB_GetUser) for FLASH_OB_GetUser
    stm32g0xx_hal_flash_ex.o(i.HAL_FLASHEx_OBProgram) refers to stm32g0xx_hal_flash_ex.o(i.FLASH_OB_GetRDP) for FLASH_OB_GetRDP
    stm32g0xx_hal_flash_ex.o(i.HAL_FLASHEx_OBProgram) refers to stm32g0xx_hal_flash_ex.o(i.FLASH_OB_OptrConfig) for FLASH_OB_OptrConfig
    stm32g0xx_hal_flash_ex.o(i.HAL_FLASHEx_OBProgram) refers to stm32g0xx_hal_flash.o(i.FLASH_WaitForLastOperation) for FLASH_WaitForLastOperation
    stm32g0xx_hal_flash_ex.o(i.HAL_FLASHEx_OBProgram) refers to stm32g0xx_hal_flash.o(.bss) for pFlash
    stm32g0xx_hal_dma.o(i.DMA_CalcDMAMUXChannelBaseAndMask) refers to uidiv.o(.text) for __aeabi_uidivmod
    stm32g0xx_hal_dma.o(i.HAL_DMA_DeInit) refers to uidiv.o(.text) for __aeabi_uidivmod
    stm32g0xx_hal_dma.o(i.HAL_DMA_DeInit) refers to stm32g0xx_hal_dma.o(i.DMA_CalcDMAMUXChannelBaseAndMask) for DMA_CalcDMAMUXChannelBaseAndMask
    stm32g0xx_hal_dma.o(i.HAL_DMA_DeInit) refers to stm32g0xx_hal_dma.o(i.DMA_CalcDMAMUXRequestGenBaseAndMask) for DMA_CalcDMAMUXRequestGenBaseAndMask
    stm32g0xx_hal_dma.o(i.HAL_DMA_Init) refers to uidiv.o(.text) for __aeabi_uidivmod
    stm32g0xx_hal_dma.o(i.HAL_DMA_Init) refers to stm32g0xx_hal_dma.o(i.DMA_CalcDMAMUXChannelBaseAndMask) for DMA_CalcDMAMUXChannelBaseAndMask
    stm32g0xx_hal_dma.o(i.HAL_DMA_Init) refers to stm32g0xx_hal_dma.o(i.DMA_CalcDMAMUXRequestGenBaseAndMask) for DMA_CalcDMAMUXRequestGenBaseAndMask
    stm32g0xx_hal_dma.o(i.HAL_DMA_PollForTransfer) refers to stm32g0xx_hal.o(i.HAL_GetTick) for HAL_GetTick
    stm32g0xx_hal_dma.o(i.HAL_DMA_Start) refers to stm32g0xx_hal_dma.o(i.DMA_SetConfig) for DMA_SetConfig
    stm32g0xx_hal_dma.o(i.HAL_DMA_Start_IT) refers to stm32g0xx_hal_dma.o(i.DMA_SetConfig) for DMA_SetConfig
    stm32g0xx_hal_dma.o(i.HAL_DMA_UnRegisterCallback) refers to stm32g0xx_hal_dma.o(i.__ARM_common_switch8) for __ARM_common_switch8
    stm32g0xx_hal_pwr.o(i.HAL_PWR_EnterSLEEPMode) refers to stm32g0xx_hal_pwr_ex.o(i.HAL_PWREx_EnableLowPowerRunMode) for HAL_PWREx_EnableLowPowerRunMode
    stm32g0xx_hal_pwr.o(i.HAL_PWR_EnterSLEEPMode) refers to stm32g0xx_hal_pwr_ex.o(i.HAL_PWREx_DisableLowPowerRunMode) for HAL_PWREx_DisableLowPowerRunMode
    stm32g0xx_hal_pwr.o(i.HAL_PWR_PVD_IRQHandler) refers to stm32g0xx_hal_pwr.o(i.HAL_PWR_PVD_Rising_Callback) for HAL_PWR_PVD_Rising_Callback
    stm32g0xx_hal_pwr.o(i.HAL_PWR_PVD_IRQHandler) refers to stm32g0xx_hal_pwr.o(i.HAL_PWR_PVD_Falling_Callback) for HAL_PWR_PVD_Falling_Callback
    stm32g0xx_hal_pwr_ex.o(i.HAL_PWREx_ControlVoltageScaling) refers to uidiv.o(.text) for __aeabi_uidivmod
    stm32g0xx_hal_pwr_ex.o(i.HAL_PWREx_ControlVoltageScaling) refers to system_stm32g0xx.o(.data) for SystemCoreClock
    stm32g0xx_hal_pwr_ex.o(i.HAL_PWREx_DisableGPIOPullDown) refers to stm32g0xx_hal_dma.o(i.__ARM_common_switch8) for __ARM_common_switch8
    stm32g0xx_hal_pwr_ex.o(i.HAL_PWREx_DisableGPIOPullUp) refers to stm32g0xx_hal_dma.o(i.__ARM_common_switch8) for __ARM_common_switch8
    stm32g0xx_hal_pwr_ex.o(i.HAL_PWREx_DisableLowPowerRunMode) refers to uidiv.o(.text) for __aeabi_uidivmod
    stm32g0xx_hal_pwr_ex.o(i.HAL_PWREx_DisableLowPowerRunMode) refers to system_stm32g0xx.o(.data) for SystemCoreClock
    stm32g0xx_hal_pwr_ex.o(i.HAL_PWREx_EnableGPIOPullDown) refers to stm32g0xx_hal_dma.o(i.__ARM_common_switch8) for __ARM_common_switch8
    stm32g0xx_hal_pwr_ex.o(i.HAL_PWREx_EnableGPIOPullUp) refers to stm32g0xx_hal_dma.o(i.__ARM_common_switch8) for __ARM_common_switch8
    stm32g0xx_hal_cortex.o(i.HAL_NVIC_SetPriority) refers to stm32g0xx_hal_cortex.o(i.NVIC_SetPriority) for NVIC_SetPriority
    stm32g0xx_hal_cortex.o(i.HAL_SYSTICK_Config) refers to stm32g0xx_hal_cortex.o(i.NVIC_SetPriority) for NVIC_SetPriority
    stm32g0xx_hal_cortex.o(i.HAL_SYSTICK_IRQHandler) refers to stm32g0xx_hal_cortex.o(i.HAL_SYSTICK_Callback) for HAL_SYSTICK_Callback
    stm32g0xx_hal.o(i.HAL_DeInit) refers to stm32g0xx_hal.o(i.HAL_MspDeInit) for HAL_MspDeInit
    stm32g0xx_hal.o(i.HAL_Delay) refers to stm32g0xx_hal.o(i.HAL_GetTick) for HAL_GetTick
    stm32g0xx_hal.o(i.HAL_Delay) refers to stm32g0xx_hal.o(.data) for .data
    stm32g0xx_hal.o(i.HAL_GetTick) refers to stm32g0xx_hal.o(.data) for .data
    stm32g0xx_hal.o(i.HAL_GetTickFreq) refers to stm32g0xx_hal.o(.data) for .data
    stm32g0xx_hal.o(i.HAL_GetTickPrio) refers to stm32g0xx_hal.o(.data) for .data
    stm32g0xx_hal.o(i.HAL_IncTick) refers to stm32g0xx_hal.o(.data) for .data
    stm32g0xx_hal.o(i.HAL_Init) refers to stm32g0xx_hal.o(i.HAL_InitTick) for HAL_InitTick
    stm32g0xx_hal.o(i.HAL_Init) refers to stm32g0xx_hal_msp.o(i.HAL_MspInit) for HAL_MspInit
    stm32g0xx_hal.o(i.HAL_InitTick) refers to uidiv.o(.text) for __aeabi_uidivmod
    stm32g0xx_hal.o(i.HAL_InitTick) refers to stm32g0xx_hal_cortex.o(i.HAL_SYSTICK_Config) for HAL_SYSTICK_Config
    stm32g0xx_hal.o(i.HAL_InitTick) refers to stm32g0xx_hal_cortex.o(i.HAL_NVIC_SetPriority) for HAL_NVIC_SetPriority
    stm32g0xx_hal.o(i.HAL_InitTick) refers to stm32g0xx_hal.o(.data) for .data
    stm32g0xx_hal.o(i.HAL_InitTick) refers to system_stm32g0xx.o(.data) for SystemCoreClock
    stm32g0xx_hal.o(i.HAL_SYSCFG_EnableVREFBUF) refers to stm32g0xx_hal.o(i.HAL_GetTick) for HAL_GetTick
    stm32g0xx_hal.o(i.HAL_SetTickFreq) refers to stm32g0xx_hal.o(i.HAL_InitTick) for HAL_InitTick
    stm32g0xx_hal.o(i.HAL_SetTickFreq) refers to stm32g0xx_hal.o(.data) for .data
    system_stm32g0xx.o(i.SystemCoreClockUpdate) refers to uidiv.o(.text) for __aeabi_uidivmod
    system_stm32g0xx.o(i.SystemCoreClockUpdate) refers to system_stm32g0xx.o(.data) for .data
    system_stm32g0xx.o(i.SystemCoreClockUpdate) refers to system_stm32g0xx.o(.constdata) for .constdata
    entry.o(.ARM.Collect$$$$00000000) refers (Special) to entry10a.o(.ARM.Collect$$$$0000000D) for __rt_final_cpp
    entry.o(.ARM.Collect$$$$00000000) refers (Special) to entry11a.o(.ARM.Collect$$$$0000000F) for __rt_final_exit
    entry.o(.ARM.Collect$$$$00000000) refers (Special) to entry7b.o(.ARM.Collect$$$$00000008) for _main_clock
    entry.o(.ARM.Collect$$$$00000000) refers (Special) to entry8b.o(.ARM.Collect$$$$0000000A) for _main_cpp_init
    entry.o(.ARM.Collect$$$$00000000) refers (Special) to entry9a.o(.ARM.Collect$$$$0000000B) for _main_init
    entry.o(.ARM.Collect$$$$00000000) refers (Special) to entry5.o(.ARM.Collect$$$$00000004) for _main_scatterload
    entry.o(.ARM.Collect$$$$00000000) refers (Special) to entry2.o(.ARM.Collect$$$$00000001) for _main_stk
    uldiv.o(.text) refers to llushr.o(.text) for __aeabi_llsr
    uldiv.o(.text) refers to llshl.o(.text) for __aeabi_llsl
    entry2.o(.ARM.Collect$$$$00000001) refers to entry2.o(.ARM.Collect$$$$00002712) for __lit__00000000
    entry2.o(.ARM.Collect$$$$00002712) refers to startup_stm32g071xx.o(STACK) for __initial_sp
    entry2.o(__vectab_stack_and_reset_area) refers to startup_stm32g071xx.o(STACK) for __initial_sp
    entry2.o(__vectab_stack_and_reset_area) refers to entry.o(.ARM.Collect$$$$00000000) for __main
    entry5.o(.ARM.Collect$$$$00000004) refers to init.o(.text) for __scatterload
    entry9a.o(.ARM.Collect$$$$0000000B) refers to main.o(i.main) for main
    entry9b.o(.ARM.Collect$$$$0000000C) refers to main.o(i.main) for main
    init.o(.text) refers to entry5.o(.ARM.Collect$$$$00000004) for __main_after_scatterload


==============================================================================

Removing Unused input sections from the image.

    Removing startup_stm32g071xx.o(HEAP), (512 bytes).
    Removing main.o(.rev16_text), (4 bytes).
    Removing main.o(.revsh_text), (4 bytes).
    Removing gpio.o(.rev16_text), (4 bytes).
    Removing gpio.o(.revsh_text), (4 bytes).
    Removing dma.o(.rev16_text), (4 bytes).
    Removing dma.o(.revsh_text), (4 bytes).
    Removing usart.o(.rev16_text), (4 bytes).
    Removing usart.o(.revsh_text), (4 bytes).
    Removing usart.o(i.HAL_UART_MspDeInit), (64 bytes).
    Removing stm32g0xx_it.o(.rev16_text), (4 bytes).
    Removing stm32g0xx_it.o(.revsh_text), (4 bytes).
    Removing stm32g0xx_hal_msp.o(.rev16_text), (4 bytes).
    Removing stm32g0xx_hal_msp.o(.revsh_text), (4 bytes).
    Removing stm32g0xx_hal_gpio.o(.rev16_text), (4 bytes).
    Removing stm32g0xx_hal_gpio.o(.revsh_text), (4 bytes).
    Removing stm32g0xx_hal_gpio.o(i.HAL_GPIO_DeInit), (220 bytes).
    Removing stm32g0xx_hal_gpio.o(i.HAL_GPIO_EXTI_Falling_Callback), (2 bytes).
    Removing stm32g0xx_hal_gpio.o(i.HAL_GPIO_EXTI_IRQHandler), (40 bytes).
    Removing stm32g0xx_hal_gpio.o(i.HAL_GPIO_EXTI_Rising_Callback), (2 bytes).
    Removing stm32g0xx_hal_gpio.o(i.HAL_GPIO_LockPin), (36 bytes).
    Removing stm32g0xx_hal_gpio.o(i.HAL_GPIO_ReadPin), (10 bytes).
    Removing stm32g0xx_hal_gpio.o(i.HAL_GPIO_TogglePin), (14 bytes).
    Removing stm32g0xx_hal_gpio.o(i.HAL_GPIO_WritePin), (12 bytes).
    Removing stm32g0xx_hal_uart.o(.rev16_text), (4 bytes).
    Removing stm32g0xx_hal_uart.o(.revsh_text), (4 bytes).
    Removing stm32g0xx_hal_uart.o(i.HAL_HalfDuplex_EnableReceiver), (58 bytes).
    Removing stm32g0xx_hal_uart.o(i.HAL_HalfDuplex_EnableTransmitter), (58 bytes).
    Removing stm32g0xx_hal_uart.o(i.HAL_HalfDuplex_Init), (122 bytes).
    Removing stm32g0xx_hal_uart.o(i.HAL_LIN_Init), (152 bytes).
    Removing stm32g0xx_hal_uart.o(i.HAL_LIN_SendBreak), (48 bytes).
    Removing stm32g0xx_hal_uart.o(i.HAL_MultiProcessor_DisableMuteMode), (50 bytes).
    Removing stm32g0xx_hal_uart.o(i.HAL_MultiProcessor_EnableMuteMode), (50 bytes).
    Removing stm32g0xx_hal_uart.o(i.HAL_MultiProcessor_EnterMuteMode), (12 bytes).
    Removing stm32g0xx_hal_uart.o(i.HAL_MultiProcessor_Init), (148 bytes).
    Removing stm32g0xx_hal_uart.o(i.HAL_UART_Abort), (188 bytes).
    Removing stm32g0xx_hal_uart.o(i.HAL_UART_AbortCpltCallback), (2 bytes).
    Removing stm32g0xx_hal_uart.o(i.HAL_UART_AbortReceive), (120 bytes).
    Removing stm32g0xx_hal_uart.o(i.HAL_UART_AbortReceiveCpltCallback), (2 bytes).
    Removing stm32g0xx_hal_uart.o(i.HAL_UART_AbortReceive_IT), (132 bytes).
    Removing stm32g0xx_hal_uart.o(i.HAL_UART_AbortTransmit), (116 bytes).
    Removing stm32g0xx_hal_uart.o(i.HAL_UART_AbortTransmitCpltCallback), (2 bytes).
    Removing stm32g0xx_hal_uart.o(i.HAL_UART_AbortTransmit_IT), (128 bytes).
    Removing stm32g0xx_hal_uart.o(i.HAL_UART_Abort_IT), (232 bytes).
    Removing stm32g0xx_hal_uart.o(i.HAL_UART_DMAPause), (96 bytes).
    Removing stm32g0xx_hal_uart.o(i.HAL_UART_DMAResume), (90 bytes).
    Removing stm32g0xx_hal_uart.o(i.HAL_UART_DeInit), (64 bytes).
    Removing stm32g0xx_hal_uart.o(i.HAL_UART_GetError), (6 bytes).
    Removing stm32g0xx_hal_uart.o(i.HAL_UART_GetState), (12 bytes).
    Removing stm32g0xx_hal_uart.o(i.HAL_UART_MspDeInit), (2 bytes).
    Removing stm32g0xx_hal_uart.o(i.HAL_UART_MspInit), (2 bytes).
    Removing stm32g0xx_hal_uart.o(i.HAL_UART_Receive), (280 bytes).
    Removing stm32g0xx_hal_uart.o(i.HAL_UART_Receive_IT), (276 bytes).
    Removing stm32g0xx_hal_uart.o(i.HAL_UART_RxCpltCallback), (2 bytes).
    Removing stm32g0xx_hal_uart.o(i.HAL_UART_Transmit), (224 bytes).
    Removing stm32g0xx_hal_uart.o(i.HAL_UART_Transmit_IT), (172 bytes).
    Removing stm32g0xx_hal_uart.o(i.HAL_UART_TxCpltCallback), (2 bytes).
    Removing stm32g0xx_hal_uart.o(i.UART_DMARxAbortCallback), (62 bytes).
    Removing stm32g0xx_hal_uart.o(i.UART_DMARxOnlyAbortCallback), (38 bytes).
    Removing stm32g0xx_hal_uart.o(i.UART_DMATxAbortCallback), (72 bytes).
    Removing stm32g0xx_hal_uart.o(i.UART_DMATxOnlyAbortCallback), (42 bytes).
    Removing stm32g0xx_hal_uart.o(i.UART_RxISR_16BIT), (94 bytes).
    Removing stm32g0xx_hal_uart.o(i.UART_RxISR_16BIT_FIFOEN), (160 bytes).
    Removing stm32g0xx_hal_uart.o(i.UART_RxISR_8BIT), (94 bytes).
    Removing stm32g0xx_hal_uart.o(i.UART_RxISR_8BIT_FIFOEN), (160 bytes).
    Removing stm32g0xx_hal_uart.o(i.UART_TxISR_16BIT), (66 bytes).
    Removing stm32g0xx_hal_uart.o(i.UART_TxISR_16BIT_FIFOEN), (88 bytes).
    Removing stm32g0xx_hal_uart.o(i.UART_TxISR_8BIT), (62 bytes).
    Removing stm32g0xx_hal_uart.o(i.UART_TxISR_8BIT_FIFOEN), (84 bytes).
    Removing stm32g0xx_hal_uart_ex.o(.rev16_text), (4 bytes).
    Removing stm32g0xx_hal_uart_ex.o(.revsh_text), (4 bytes).
    Removing stm32g0xx_hal_uart_ex.o(i.HAL_MultiProcessorEx_AddressLength_Set), (54 bytes).
    Removing stm32g0xx_hal_uart_ex.o(i.HAL_RS485Ex_Init), (148 bytes).
    Removing stm32g0xx_hal_uart_ex.o(i.HAL_UARTEx_DisableStopMode), (34 bytes).
    Removing stm32g0xx_hal_uart_ex.o(i.HAL_UARTEx_EnableFifoMode), (66 bytes).
    Removing stm32g0xx_hal_uart_ex.o(i.HAL_UARTEx_EnableStopMode), (34 bytes).
    Removing stm32g0xx_hal_uart_ex.o(i.HAL_UARTEx_StopModeWakeUpSourceConfig), (160 bytes).
    Removing stm32g0xx_hal_tim.o(.rev16_text), (4 bytes).
    Removing stm32g0xx_hal_tim.o(.revsh_text), (4 bytes).
    Removing stm32g0xx_hal_tim_ex.o(.rev16_text), (4 bytes).
    Removing stm32g0xx_hal_tim_ex.o(.revsh_text), (4 bytes).
    Removing stm32g0xx_hal_rcc.o(.rev16_text), (4 bytes).
    Removing stm32g0xx_hal_rcc.o(.revsh_text), (4 bytes).
    Removing stm32g0xx_hal_rcc.o(i.HAL_RCC_CSSCallback), (2 bytes).
    Removing stm32g0xx_hal_rcc.o(i.HAL_RCC_DeInit), (164 bytes).
    Removing stm32g0xx_hal_rcc.o(i.HAL_RCC_DisableLSECSS), (16 bytes).
    Removing stm32g0xx_hal_rcc.o(i.HAL_RCC_EnableCSS), (20 bytes).
    Removing stm32g0xx_hal_rcc.o(i.HAL_RCC_EnableLSECSS), (16 bytes).
    Removing stm32g0xx_hal_rcc.o(i.HAL_RCC_GetClockConfig), (56 bytes).
    Removing stm32g0xx_hal_rcc.o(i.HAL_RCC_GetHCLKFreq), (12 bytes).
    Removing stm32g0xx_hal_rcc.o(i.HAL_RCC_GetOscConfig), (188 bytes).
    Removing stm32g0xx_hal_rcc.o(i.HAL_RCC_LSECSSCallback), (2 bytes).
    Removing stm32g0xx_hal_rcc.o(i.HAL_RCC_MCOConfig), (76 bytes).
    Removing stm32g0xx_hal_rcc.o(i.HAL_RCC_NMI_IRQHandler), (36 bytes).
    Removing stm32g0xx_hal_rcc_ex.o(.rev16_text), (4 bytes).
    Removing stm32g0xx_hal_rcc_ex.o(.revsh_text), (4 bytes).
    Removing stm32g0xx_hal_rcc_ex.o(i.HAL_RCCEx_DisableLSCO), (92 bytes).
    Removing stm32g0xx_hal_rcc_ex.o(i.HAL_RCCEx_EnableLSCO), (140 bytes).
    Removing stm32g0xx_hal_rcc_ex.o(i.HAL_RCCEx_GetPeriphCLKConfig), (120 bytes).
    Removing stm32g0xx_hal_rcc_ex.o(i.HAL_RCCEx_GetPeriphCLKFreq), (668 bytes).
    Removing stm32g0xx_hal_flash.o(.rev16_text), (4 bytes).
    Removing stm32g0xx_hal_flash.o(.revsh_text), (4 bytes).
    Removing stm32g0xx_hal_flash.o(i.FLASH_Program_DoubleWord), (28 bytes).
    Removing stm32g0xx_hal_flash.o(i.FLASH_Program_Fast), (52 bytes).
    Removing stm32g0xx_hal_flash.o(i.FLASH_WaitForLastOperation), (128 bytes).
    Removing stm32g0xx_hal_flash.o(i.HAL_FLASH_EndOfOperationCallback), (2 bytes).
    Removing stm32g0xx_hal_flash.o(i.HAL_FLASH_GetError), (12 bytes).
    Removing stm32g0xx_hal_flash.o(i.HAL_FLASH_IRQHandler), (188 bytes).
    Removing stm32g0xx_hal_flash.o(i.HAL_FLASH_Lock), (28 bytes).
    Removing stm32g0xx_hal_flash.o(i.HAL_FLASH_OB_Launch), (20 bytes).
    Removing stm32g0xx_hal_flash.o(i.HAL_FLASH_OB_Lock), (28 bytes).
    Removing stm32g0xx_hal_flash.o(i.HAL_FLASH_OB_Unlock), (40 bytes).
    Removing stm32g0xx_hal_flash.o(i.HAL_FLASH_OperationErrorCallback), (2 bytes).
    Removing stm32g0xx_hal_flash.o(i.HAL_FLASH_Program), (96 bytes).
    Removing stm32g0xx_hal_flash.o(i.HAL_FLASH_Program_IT), (112 bytes).
    Removing stm32g0xx_hal_flash.o(i.HAL_FLASH_Unlock), (40 bytes).
    Removing stm32g0xx_hal_flash.o(.bss), (24 bytes).
    Removing stm32g0xx_hal_flash_ex.o(.rev16_text), (4 bytes).
    Removing stm32g0xx_hal_flash_ex.o(.revsh_text), (4 bytes).
    Removing stm32g0xx_hal_flash_ex.o(i.FLASH_FlushCaches), (44 bytes).
    Removing stm32g0xx_hal_flash_ex.o(i.FLASH_MassErase), (20 bytes).
    Removing stm32g0xx_hal_flash_ex.o(i.FLASH_OB_GetRDP), (24 bytes).
    Removing stm32g0xx_hal_flash_ex.o(i.FLASH_OB_GetUser), (20 bytes).
    Removing stm32g0xx_hal_flash_ex.o(i.FLASH_OB_OptrConfig), (24 bytes).
    Removing stm32g0xx_hal_flash_ex.o(i.FLASH_PageErase), (32 bytes).
    Removing stm32g0xx_hal_flash_ex.o(i.HAL_FLASHEx_DisableDebugger), (20 bytes).
    Removing stm32g0xx_hal_flash_ex.o(i.HAL_FLASHEx_EnableDebugger), (20 bytes).
    Removing stm32g0xx_hal_flash_ex.o(i.HAL_FLASHEx_EnableSecMemProtection), (16 bytes).
    Removing stm32g0xx_hal_flash_ex.o(i.HAL_FLASHEx_Erase), (128 bytes).
    Removing stm32g0xx_hal_flash_ex.o(i.HAL_FLASHEx_Erase_IT), (96 bytes).
    Removing stm32g0xx_hal_flash_ex.o(i.HAL_FLASHEx_FlashEmptyCheck), (16 bytes).
    Removing stm32g0xx_hal_flash_ex.o(i.HAL_FLASHEx_ForceFlashEmpty), (20 bytes).
    Removing stm32g0xx_hal_flash_ex.o(i.HAL_FLASHEx_OBGetConfig), (160 bytes).
    Removing stm32g0xx_hal_flash_ex.o(i.HAL_FLASHEx_OBProgram), (268 bytes).
    Removing stm32g0xx_hal_dma.o(.rev16_text), (4 bytes).
    Removing stm32g0xx_hal_dma.o(.revsh_text), (4 bytes).
    Removing stm32g0xx_hal_dma.o(i.HAL_DMA_DeInit), (132 bytes).
    Removing stm32g0xx_hal_dma.o(i.HAL_DMA_GetState), (6 bytes).
    Removing stm32g0xx_hal_dma.o(i.HAL_DMA_PollForTransfer), (272 bytes).
    Removing stm32g0xx_hal_dma.o(i.HAL_DMA_RegisterCallback), (72 bytes).
    Removing stm32g0xx_hal_dma.o(i.HAL_DMA_Start), (80 bytes).
    Removing stm32g0xx_hal_dma.o(i.HAL_DMA_UnRegisterCallback), (78 bytes).
    Removing stm32g0xx_hal_dma_ex.o(.rev16_text), (4 bytes).
    Removing stm32g0xx_hal_dma_ex.o(.revsh_text), (4 bytes).
    Removing stm32g0xx_hal_dma_ex.o(i.HAL_DMAEx_ConfigMuxRequestGenerator), (60 bytes).
    Removing stm32g0xx_hal_dma_ex.o(i.HAL_DMAEx_ConfigMuxSync), (78 bytes).
    Removing stm32g0xx_hal_dma_ex.o(i.HAL_DMAEx_DisableMuxRequestGenerator), (32 bytes).
    Removing stm32g0xx_hal_dma_ex.o(i.HAL_DMAEx_EnableMuxRequestGenerator), (32 bytes).
    Removing stm32g0xx_hal_dma_ex.o(i.HAL_DMAEx_MUX_IRQHandler), (104 bytes).
    Removing stm32g0xx_hal_pwr.o(.rev16_text), (4 bytes).
    Removing stm32g0xx_hal_pwr.o(.revsh_text), (4 bytes).
    Removing stm32g0xx_hal_pwr.o(i.HAL_PWR_ConfigPVD), (112 bytes).
    Removing stm32g0xx_hal_pwr.o(i.HAL_PWR_DeInit), (24 bytes).
    Removing stm32g0xx_hal_pwr.o(i.HAL_PWR_DisableBkUpAccess), (16 bytes).
    Removing stm32g0xx_hal_pwr.o(i.HAL_PWR_DisablePVD), (16 bytes).
    Removing stm32g0xx_hal_pwr.o(i.HAL_PWR_DisableSEVOnPend), (16 bytes).
    Removing stm32g0xx_hal_pwr.o(i.HAL_PWR_DisableSleepOnExit), (16 bytes).
    Removing stm32g0xx_hal_pwr.o(i.HAL_PWR_DisableWakeUpPin), (20 bytes).
    Removing stm32g0xx_hal_pwr.o(i.HAL_PWR_EnableBkUpAccess), (16 bytes).
    Removing stm32g0xx_hal_pwr.o(i.HAL_PWR_EnablePVD), (16 bytes).
    Removing stm32g0xx_hal_pwr.o(i.HAL_PWR_EnableSEVOnPend), (16 bytes).
    Removing stm32g0xx_hal_pwr.o(i.HAL_PWR_EnableSleepOnExit), (16 bytes).
    Removing stm32g0xx_hal_pwr.o(i.HAL_PWR_EnableWakeUpPin), (28 bytes).
    Removing stm32g0xx_hal_pwr.o(i.HAL_PWR_EnterSLEEPMode), (68 bytes).
    Removing stm32g0xx_hal_pwr.o(i.HAL_PWR_EnterSTANDBYMode), (36 bytes).
    Removing stm32g0xx_hal_pwr.o(i.HAL_PWR_EnterSTOPMode), (64 bytes).
    Removing stm32g0xx_hal_pwr.o(i.HAL_PWR_PVD_Falling_Callback), (2 bytes).
    Removing stm32g0xx_hal_pwr.o(i.HAL_PWR_PVD_IRQHandler), (40 bytes).
    Removing stm32g0xx_hal_pwr.o(i.HAL_PWR_PVD_Rising_Callback), (2 bytes).
    Removing stm32g0xx_hal_pwr_ex.o(.rev16_text), (4 bytes).
    Removing stm32g0xx_hal_pwr_ex.o(.revsh_text), (4 bytes).
    Removing stm32g0xx_hal_pwr_ex.o(i.HAL_PWREx_DisableBatteryCharging), (16 bytes).
    Removing stm32g0xx_hal_pwr_ex.o(i.HAL_PWREx_DisableFlashPowerDown), (16 bytes).
    Removing stm32g0xx_hal_pwr_ex.o(i.HAL_PWREx_DisableGPIOPullDown), (80 bytes).
    Removing stm32g0xx_hal_pwr_ex.o(i.HAL_PWREx_DisableGPIOPullUp), (80 bytes).
    Removing stm32g0xx_hal_pwr_ex.o(i.HAL_PWREx_DisableInternalWakeUpLine), (16 bytes).
    Removing stm32g0xx_hal_pwr_ex.o(i.HAL_PWREx_DisableLowPowerRunMode), (64 bytes).
    Removing stm32g0xx_hal_pwr_ex.o(i.HAL_PWREx_DisablePORMonitorSampling), (16 bytes).
    Removing stm32g0xx_hal_pwr_ex.o(i.HAL_PWREx_DisablePullUpPullDownConfig), (16 bytes).
    Removing stm32g0xx_hal_pwr_ex.o(i.HAL_PWREx_DisableSRAMRetention), (16 bytes).
    Removing stm32g0xx_hal_pwr_ex.o(i.HAL_PWREx_EnableBatteryCharging), (24 bytes).
    Removing stm32g0xx_hal_pwr_ex.o(i.HAL_PWREx_EnableFlashPowerDown), (16 bytes).
    Removing stm32g0xx_hal_pwr_ex.o(i.HAL_PWREx_EnableGPIOPullDown), (116 bytes).
    Removing stm32g0xx_hal_pwr_ex.o(i.HAL_PWREx_EnableGPIOPullUp), (116 bytes).
    Removing stm32g0xx_hal_pwr_ex.o(i.HAL_PWREx_EnableInternalWakeUpLine), (16 bytes).
    Removing stm32g0xx_hal_pwr_ex.o(i.HAL_PWREx_EnableLowPowerRunMode), (16 bytes).
    Removing stm32g0xx_hal_pwr_ex.o(i.HAL_PWREx_EnablePORMonitorSampling), (16 bytes).
    Removing stm32g0xx_hal_pwr_ex.o(i.HAL_PWREx_EnablePullUpPullDownConfig), (16 bytes).
    Removing stm32g0xx_hal_pwr_ex.o(i.HAL_PWREx_EnableSRAMRetention), (16 bytes).
    Removing stm32g0xx_hal_pwr_ex.o(i.HAL_PWREx_EnterSHUTDOWNMode), (36 bytes).
    Removing stm32g0xx_hal_pwr_ex.o(i.HAL_PWREx_GetVoltageRange), (16 bytes).
    Removing stm32g0xx_hal_cortex.o(.rev16_text), (4 bytes).
    Removing stm32g0xx_hal_cortex.o(.revsh_text), (4 bytes).
    Removing stm32g0xx_hal_cortex.o(i.HAL_MPU_ConfigRegion), (84 bytes).
    Removing stm32g0xx_hal_cortex.o(i.HAL_MPU_Disable), (16 bytes).
    Removing stm32g0xx_hal_cortex.o(i.HAL_MPU_Enable), (24 bytes).
    Removing stm32g0xx_hal_cortex.o(i.HAL_NVIC_ClearPendingIRQ), (20 bytes).
    Removing stm32g0xx_hal_cortex.o(i.HAL_NVIC_DisableIRQ), (20 bytes).
    Removing stm32g0xx_hal_cortex.o(i.HAL_NVIC_GetPendingIRQ), (28 bytes).
    Removing stm32g0xx_hal_cortex.o(i.HAL_NVIC_GetPriority), (52 bytes).
    Removing stm32g0xx_hal_cortex.o(i.HAL_NVIC_SetPendingIRQ), (20 bytes).
    Removing stm32g0xx_hal_cortex.o(i.HAL_NVIC_SystemReset), (28 bytes).
    Removing stm32g0xx_hal_cortex.o(i.HAL_SYSTICK_CLKSourceConfig), (24 bytes).
    Removing stm32g0xx_hal_cortex.o(i.HAL_SYSTICK_Callback), (2 bytes).
    Removing stm32g0xx_hal_cortex.o(i.HAL_SYSTICK_IRQHandler), (8 bytes).
    Removing stm32g0xx_hal.o(.rev16_text), (4 bytes).
    Removing stm32g0xx_hal.o(.revsh_text), (4 bytes).
    Removing stm32g0xx_hal.o(i.HAL_DBGMCU_DisableDBGStandbyMode), (16 bytes).
    Removing stm32g0xx_hal.o(i.HAL_DBGMCU_DisableDBGStopMode), (16 bytes).
    Removing stm32g0xx_hal.o(i.HAL_DBGMCU_EnableDBGStandbyMode), (16 bytes).
    Removing stm32g0xx_hal.o(i.HAL_DBGMCU_EnableDBGStopMode), (16 bytes).
    Removing stm32g0xx_hal.o(i.HAL_DeInit), (40 bytes).
    Removing stm32g0xx_hal.o(i.HAL_Delay), (36 bytes).
    Removing stm32g0xx_hal.o(i.HAL_GetDEVID), (16 bytes).
    Removing stm32g0xx_hal.o(i.HAL_GetHalVersion), (6 bytes).
    Removing stm32g0xx_hal.o(i.HAL_GetREVID), (12 bytes).
    Removing stm32g0xx_hal.o(i.HAL_GetTickFreq), (12 bytes).
    Removing stm32g0xx_hal.o(i.HAL_GetTickPrio), (12 bytes).
    Removing stm32g0xx_hal.o(i.HAL_GetUIDw0), (12 bytes).
    Removing stm32g0xx_hal.o(i.HAL_GetUIDw1), (12 bytes).
    Removing stm32g0xx_hal.o(i.HAL_GetUIDw2), (12 bytes).
    Removing stm32g0xx_hal.o(i.HAL_MspDeInit), (2 bytes).
    Removing stm32g0xx_hal.o(i.HAL_MspInit), (2 bytes).
    Removing stm32g0xx_hal.o(i.HAL_ResumeTick), (16 bytes).
    Removing stm32g0xx_hal.o(i.HAL_SYSCFG_DisableIOAnalogSwitchBooster), (16 bytes).
    Removing stm32g0xx_hal.o(i.HAL_SYSCFG_DisableRemap), (16 bytes).
    Removing stm32g0xx_hal.o(i.HAL_SYSCFG_DisableVREFBUF), (16 bytes).
    Removing stm32g0xx_hal.o(i.HAL_SYSCFG_EnableIOAnalogSwitchBooster), (16 bytes).
    Removing stm32g0xx_hal.o(i.HAL_SYSCFG_EnableRemap), (16 bytes).
    Removing stm32g0xx_hal.o(i.HAL_SYSCFG_EnableVREFBUF), (48 bytes).
    Removing stm32g0xx_hal.o(i.HAL_SYSCFG_StrobeDBattpinsConfig), (20 bytes).
    Removing stm32g0xx_hal.o(i.HAL_SYSCFG_VREFBUF_HighImpedanceConfig), (20 bytes).
    Removing stm32g0xx_hal.o(i.HAL_SYSCFG_VREFBUF_TrimmingConfig), (20 bytes).
    Removing stm32g0xx_hal.o(i.HAL_SYSCFG_VREFBUF_VoltageScalingConfig), (20 bytes).
    Removing stm32g0xx_hal.o(i.HAL_SetTickFreq), (32 bytes).
    Removing stm32g0xx_hal.o(i.HAL_SuspendTick), (16 bytes).
    Removing stm32g0xx_hal_exti.o(.rev16_text), (4 bytes).
    Removing stm32g0xx_hal_exti.o(.revsh_text), (4 bytes).
    Removing stm32g0xx_hal_exti.o(i.HAL_EXTI_ClearConfigLine), (120 bytes).
    Removing stm32g0xx_hal_exti.o(i.HAL_EXTI_ClearPending), (40 bytes).
    Removing stm32g0xx_hal_exti.o(i.HAL_EXTI_GenerateSWI), (28 bytes).
    Removing stm32g0xx_hal_exti.o(i.HAL_EXTI_GetConfigLine), (168 bytes).
    Removing stm32g0xx_hal_exti.o(i.HAL_EXTI_GetHandle), (14 bytes).
    Removing stm32g0xx_hal_exti.o(i.HAL_EXTI_GetPending), (44 bytes).
    Removing stm32g0xx_hal_exti.o(i.HAL_EXTI_IRQHandler), (68 bytes).
    Removing stm32g0xx_hal_exti.o(i.HAL_EXTI_RegisterCallback), (30 bytes).
    Removing stm32g0xx_hal_exti.o(i.HAL_EXTI_SetConfigLine), (172 bytes).
    Removing system_stm32g0xx.o(.rev16_text), (4 bytes).
    Removing system_stm32g0xx.o(.revsh_text), (4 bytes).
    Removing system_stm32g0xx.o(i.SystemCoreClockUpdate), (144 bytes).
    Removing stm32g0xx_hal_dma.o(i.__ARM_common_switch8), (26 bytes).

251 unused section(s) (total 12662 bytes) removed from the image.

==============================================================================

Image Symbol Table

    Local Symbols

    Symbol Name                              Value     Ov Type        Size  Object(Section)

    ../Drivers/STM32G0xx_HAL_Driver/Src/stm32g0xx_hal.c 0x00000000   Number         0  stm32g0xx_hal.o ABSOLUTE
    ../Drivers/STM32G0xx_HAL_Driver/Src/stm32g0xx_hal_cortex.c 0x00000000   Number         0  stm32g0xx_hal_cortex.o ABSOLUTE
    ../Drivers/STM32G0xx_HAL_Driver/Src/stm32g0xx_hal_dma.c 0x00000000   Number         0  stm32g0xx_hal_dma.o ABSOLUTE
    ../Drivers/STM32G0xx_HAL_Driver/Src/stm32g0xx_hal_dma_ex.c 0x00000000   Number         0  stm32g0xx_hal_dma_ex.o ABSOLUTE
    ../Drivers/STM32G0xx_HAL_Driver/Src/stm32g0xx_hal_exti.c 0x00000000   Number         0  stm32g0xx_hal_exti.o ABSOLUTE
    ../Drivers/STM32G0xx_HAL_Driver/Src/stm32g0xx_hal_flash.c 0x00000000   Number         0  stm32g0xx_hal_flash.o ABSOLUTE
    ../Drivers/STM32G0xx_HAL_Driver/Src/stm32g0xx_hal_flash_ex.c 0x00000000   Number         0  stm32g0xx_hal_flash_ex.o ABSOLUTE
    ../Drivers/STM32G0xx_HAL_Driver/Src/stm32g0xx_hal_gpio.c 0x00000000   Number         0  stm32g0xx_hal_gpio.o ABSOLUTE
    ../Drivers/STM32G0xx_HAL_Driver/Src/stm32g0xx_hal_pwr.c 0x00000000   Number         0  stm32g0xx_hal_pwr.o ABSOLUTE
    ../Drivers/STM32G0xx_HAL_Driver/Src/stm32g0xx_hal_pwr_ex.c 0x00000000   Number         0  stm32g0xx_hal_pwr_ex.o ABSOLUTE
    ../Drivers/STM32G0xx_HAL_Driver/Src/stm32g0xx_hal_rcc.c 0x00000000   Number         0  stm32g0xx_hal_rcc.o ABSOLUTE
    ../Drivers/STM32G0xx_HAL_Driver/Src/stm32g0xx_hal_rcc_ex.c 0x00000000   Number         0  stm32g0xx_hal_rcc_ex.o ABSOLUTE
    ../Drivers/STM32G0xx_HAL_Driver/Src/stm32g0xx_hal_tim.c 0x00000000   Number         0  stm32g0xx_hal_tim.o ABSOLUTE
    ../Drivers/STM32G0xx_HAL_Driver/Src/stm32g0xx_hal_tim_ex.c 0x00000000   Number         0  stm32g0xx_hal_tim_ex.o ABSOLUTE
    ../Drivers/STM32G0xx_HAL_Driver/Src/stm32g0xx_hal_uart.c 0x00000000   Number         0  stm32g0xx_hal_uart.o ABSOLUTE
    ../Drivers/STM32G0xx_HAL_Driver/Src/stm32g0xx_hal_uart_ex.c 0x00000000   Number         0  stm32g0xx_hal_uart_ex.o ABSOLUTE
    ../Drivers/STM32G0xx_HAL_Driver/Src/stm32g0xx_ll_rcc.c 0x00000000   Number         0  stm32g0xx_ll_rcc.o ABSOLUTE
    ../Src/dma.c                             0x00000000   Number         0  dma.o ABSOLUTE
    ../Src/gpio.c                            0x00000000   Number         0  gpio.o ABSOLUTE
    ../Src/main.c                            0x00000000   Number         0  main.o ABSOLUTE
    ../Src/stm32g0xx_hal_msp.c               0x00000000   Number         0  stm32g0xx_hal_msp.o ABSOLUTE
    ../Src/stm32g0xx_it.c                    0x00000000   Number         0  stm32g0xx_it.o ABSOLUTE
    ../Src/system_stm32g0xx.c                0x00000000   Number         0  system_stm32g0xx.o ABSOLUTE
    ../Src/usart.c                           0x00000000   Number         0  usart.o ABSOLUTE
    ../clib/microlib/division.c              0x00000000   Number         0  uidiv.o ABSOLUTE
    ../clib/microlib/division.c              0x00000000   Number         0  uldiv.o ABSOLUTE
    ../clib/microlib/init/entry.s            0x00000000   Number         0  entry10b.o ABSOLUTE
    ../clib/microlib/init/entry.s            0x00000000   Number         0  entry10a.o ABSOLUTE
    ../clib/microlib/init/entry.s            0x00000000   Number         0  entry11b.o ABSOLUTE
    ../clib/microlib/init/entry.s            0x00000000   Number         0  entry8b.o ABSOLUTE
    ../clib/microlib/init/entry.s            0x00000000   Number         0  entry9b.o ABSOLUTE
    ../clib/microlib/init/entry.s            0x00000000   Number         0  entry11a.o ABSOLUTE
    ../clib/microlib/init/entry.s            0x00000000   Number         0  entry8a.o ABSOLUTE
    ../clib/microlib/init/entry.s            0x00000000   Number         0  entry7b.o ABSOLUTE
    ../clib/microlib/init/entry.s            0x00000000   Number         0  entry.o ABSOLUTE
    ../clib/microlib/init/entry.s            0x00000000   Number         0  entry7a.o ABSOLUTE
    ../clib/microlib/init/entry.s            0x00000000   Number         0  entry5.o ABSOLUTE
    ../clib/microlib/init/entry.s            0x00000000   Number         0  entry2.o ABSOLUTE
    ../clib/microlib/init/entry.s            0x00000000   Number         0  entry9a.o ABSOLUTE
    ../clib/microlib/longlong.c              0x00000000   Number         0  llushr.o ABSOLUTE
    ../clib/microlib/longlong.c              0x00000000   Number         0  llshl.o ABSOLUTE
    ../clib/microlib/string/memset.c         0x00000000   Number         0  memseta.o ABSOLUTE
    ..\Drivers\STM32G0xx_HAL_Driver\Src\stm32g0xx_hal.c 0x00000000   Number         0  stm32g0xx_hal.o ABSOLUTE
    ..\Drivers\STM32G0xx_HAL_Driver\Src\stm32g0xx_hal_cortex.c 0x00000000   Number         0  stm32g0xx_hal_cortex.o ABSOLUTE
    ..\Drivers\STM32G0xx_HAL_Driver\Src\stm32g0xx_hal_dma.c 0x00000000   Number         0  stm32g0xx_hal_dma.o ABSOLUTE
    ..\Drivers\STM32G0xx_HAL_Driver\Src\stm32g0xx_hal_dma_ex.c 0x00000000   Number         0  stm32g0xx_hal_dma_ex.o ABSOLUTE
    ..\Drivers\STM32G0xx_HAL_Driver\Src\stm32g0xx_hal_exti.c 0x00000000   Number         0  stm32g0xx_hal_exti.o ABSOLUTE
    ..\Drivers\STM32G0xx_HAL_Driver\Src\stm32g0xx_hal_flash.c 0x00000000   Number         0  stm32g0xx_hal_flash.o ABSOLUTE
    ..\Drivers\STM32G0xx_HAL_Driver\Src\stm32g0xx_hal_flash_ex.c 0x00000000   Number         0  stm32g0xx_hal_flash_ex.o ABSOLUTE
    ..\Drivers\STM32G0xx_HAL_Driver\Src\stm32g0xx_hal_gpio.c 0x00000000   Number         0  stm32g0xx_hal_gpio.o ABSOLUTE
    ..\Drivers\STM32G0xx_HAL_Driver\Src\stm32g0xx_hal_pwr.c 0x00000000   Number         0  stm32g0xx_hal_pwr.o ABSOLUTE
    ..\Drivers\STM32G0xx_HAL_Driver\Src\stm32g0xx_hal_pwr_ex.c 0x00000000   Number         0  stm32g0xx_hal_pwr_ex.o ABSOLUTE
    ..\Drivers\STM32G0xx_HAL_Driver\Src\stm32g0xx_hal_rcc.c 0x00000000   Number         0  stm32g0xx_hal_rcc.o ABSOLUTE
    ..\Drivers\STM32G0xx_HAL_Driver\Src\stm32g0xx_hal_rcc_ex.c 0x00000000   Number         0  stm32g0xx_hal_rcc_ex.o ABSOLUTE
    ..\Drivers\STM32G0xx_HAL_Driver\Src\stm32g0xx_hal_tim.c 0x00000000   Number         0  stm32g0xx_hal_tim.o ABSOLUTE
    ..\Drivers\STM32G0xx_HAL_Driver\Src\stm32g0xx_hal_tim_ex.c 0x00000000   Number         0  stm32g0xx_hal_tim_ex.o ABSOLUTE
    ..\Drivers\STM32G0xx_HAL_Driver\Src\stm32g0xx_hal_uart.c 0x00000000   Number         0  stm32g0xx_hal_uart.o ABSOLUTE
    ..\Drivers\STM32G0xx_HAL_Driver\Src\stm32g0xx_hal_uart_ex.c 0x00000000   Number         0  stm32g0xx_hal_uart_ex.o ABSOLUTE
    ..\Src\dma.c                             0x00000000   Number         0  dma.o ABSOLUTE
    ..\Src\gpio.c                            0x00000000   Number         0  gpio.o ABSOLUTE
    ..\Src\main.c                            0x00000000   Number         0  main.o ABSOLUTE
    ..\Src\stm32g0xx_hal_msp.c               0x00000000   Number         0  stm32g0xx_hal_msp.o ABSOLUTE
    ..\Src\stm32g0xx_it.c                    0x00000000   Number         0  stm32g0xx_it.o ABSOLUTE
    ..\Src\system_stm32g0xx.c                0x00000000   Number         0  system_stm32g0xx.o ABSOLUTE
    ..\Src\usart.c                           0x00000000   Number         0  usart.o ABSOLUTE
    dc.s                                     0x00000000   Number         0  dc.o ABSOLUTE
    handlers.s                               0x00000000   Number         0  handlers.o ABSOLUTE
    init.s                                   0x00000000   Number         0  init.o ABSOLUTE
    startup_stm32g071xx.s                    0x00000000   Number         0  startup_stm32g071xx.o ABSOLUTE
    RESET                                    0x08000000   Section      188  startup_stm32g071xx.o(RESET)
    .ARM.Collect$$$$00000000                 0x080000bc   Section        0  entry.o(.ARM.Collect$$$$00000000)
    .ARM.Collect$$$$00000001                 0x080000bc   Section        4  entry2.o(.ARM.Collect$$$$00000001)
    .ARM.Collect$$$$00000004                 0x080000c0   Section        4  entry5.o(.ARM.Collect$$$$00000004)
    .ARM.Collect$$$$00000008                 0x080000c4   Section        0  entry7b.o(.ARM.Collect$$$$00000008)
    .ARM.Collect$$$$0000000A                 0x080000c4   Section        0  entry8b.o(.ARM.Collect$$$$0000000A)
    .ARM.Collect$$$$0000000B                 0x080000c4   Section        8  entry9a.o(.ARM.Collect$$$$0000000B)
    .ARM.Collect$$$$0000000D                 0x080000cc   Section        0  entry10a.o(.ARM.Collect$$$$0000000D)
    .ARM.Collect$$$$0000000F                 0x080000cc   Section        0  entry11a.o(.ARM.Collect$$$$0000000F)
    .ARM.Collect$$$$00002712                 0x080000cc   Section        4  entry2.o(.ARM.Collect$$$$00002712)
    __lit__00000000                          0x080000cc   Data           4  entry2.o(.ARM.Collect$$$$00002712)
    .text                                    0x080000d0   Section       28  startup_stm32g071xx.o(.text)
    .text                                    0x080000ec   Section        0  uidiv.o(.text)
    .text                                    0x08000118   Section        0  uldiv.o(.text)
    .text                                    0x08000178   Section        0  memseta.o(.text)
    .text                                    0x0800019c   Section        0  llshl.o(.text)
    .text                                    0x080001bc   Section        0  llushr.o(.text)
    .text                                    0x080001e0   Section       36  init.o(.text)
    i.DMA1_Channel1_IRQHandler               0x08000204   Section        0  stm32g0xx_it.o(i.DMA1_Channel1_IRQHandler)
    i.DMA1_Channel2_3_IRQHandler             0x08000214   Section        0  stm32g0xx_it.o(i.DMA1_Channel2_3_IRQHandler)
    i.DMA_CalcDMAMUXChannelBaseAndMask       0x08000224   Section        0  stm32g0xx_hal_dma.o(i.DMA_CalcDMAMUXChannelBaseAndMask)
    DMA_CalcDMAMUXChannelBaseAndMask         0x08000225   Thumb Code    44  stm32g0xx_hal_dma.o(i.DMA_CalcDMAMUXChannelBaseAndMask)
    i.DMA_CalcDMAMUXRequestGenBaseAndMask    0x08000254   Section        0  stm32g0xx_hal_dma.o(i.DMA_CalcDMAMUXRequestGenBaseAndMask)
    DMA_CalcDMAMUXRequestGenBaseAndMask      0x08000255   Thumb Code    30  stm32g0xx_hal_dma.o(i.DMA_CalcDMAMUXRequestGenBaseAndMask)
    i.DMA_SetConfig                          0x08000278   Section        0  stm32g0xx_hal_dma.o(i.DMA_SetConfig)
    DMA_SetConfig                            0x08000279   Thumb Code    66  stm32g0xx_hal_dma.o(i.DMA_SetConfig)
    i.Error_Handler                          0x080002c0   Section        0  main.o(i.Error_Handler)
    i.HAL_DMA_Abort                          0x080002c4   Section        0  stm32g0xx_hal_dma.o(i.HAL_DMA_Abort)
    i.HAL_DMA_Abort_IT                       0x08000338   Section        0  stm32g0xx_hal_dma.o(i.HAL_DMA_Abort_IT)
    i.HAL_DMA_GetError                       0x080003b8   Section        0  stm32g0xx_hal_dma.o(i.HAL_DMA_GetError)
    i.HAL_DMA_IRQHandler                     0x080003bc   Section        0  stm32g0xx_hal_dma.o(i.HAL_DMA_IRQHandler)
    i.HAL_DMA_Init                           0x08000474   Section        0  stm32g0xx_hal_dma.o(i.HAL_DMA_Init)
    i.HAL_DMA_Start_IT                       0x08000514   Section        0  stm32g0xx_hal_dma.o(i.HAL_DMA_Start_IT)
    i.HAL_GPIO_Init                          0x080005a4   Section        0  stm32g0xx_hal_gpio.o(i.HAL_GPIO_Init)
    i.HAL_GetTick                            0x080006d8   Section        0  stm32g0xx_hal.o(i.HAL_GetTick)
    i.HAL_IncTick                            0x080006e4   Section        0  stm32g0xx_hal.o(i.HAL_IncTick)
    i.HAL_Init                               0x080006f4   Section        0  stm32g0xx_hal.o(i.HAL_Init)
    i.HAL_InitTick                           0x0800071c   Section        0  stm32g0xx_hal.o(i.HAL_InitTick)
    i.HAL_MspInit                            0x08000764   Section        0  stm32g0xx_hal_msp.o(i.HAL_MspInit)
    i.HAL_NVIC_EnableIRQ                     0x08000790   Section        0  stm32g0xx_hal_cortex.o(i.HAL_NVIC_EnableIRQ)
    i.HAL_NVIC_SetPriority                   0x080007a4   Section        0  stm32g0xx_hal_cortex.o(i.HAL_NVIC_SetPriority)
    i.HAL_PWREx_ControlVoltageScaling        0x080007ac   Section        0  stm32g0xx_hal_pwr_ex.o(i.HAL_PWREx_ControlVoltageScaling)
    i.HAL_RCCEx_PeriphCLKConfig              0x080007f8   Section        0  stm32g0xx_hal_rcc_ex.o(i.HAL_RCCEx_PeriphCLKConfig)
    i.HAL_RCC_ClockConfig                    0x080009d8   Section        0  stm32g0xx_hal_rcc.o(i.HAL_RCC_ClockConfig)
    i.HAL_RCC_GetPCLK1Freq                   0x08000b30   Section        0  stm32g0xx_hal_rcc.o(i.HAL_RCC_GetPCLK1Freq)
    i.HAL_RCC_GetSysClockFreq                0x08000b58   Section        0  stm32g0xx_hal_rcc.o(i.HAL_RCC_GetSysClockFreq)
    i.HAL_RCC_OscConfig                      0x08000be4   Section        0  stm32g0xx_hal_rcc.o(i.HAL_RCC_OscConfig)
    i.HAL_SYSTICK_Config                     0x08000fd4   Section        0  stm32g0xx_hal_cortex.o(i.HAL_SYSTICK_Config)
    i.HAL_UARTEx_DisableFifoMode             0x08001004   Section        0  stm32g0xx_hal_uart_ex.o(i.HAL_UARTEx_DisableFifoMode)
    i.HAL_UARTEx_RxFifoFullCallback          0x08001046   Section        0  stm32g0xx_hal_uart_ex.o(i.HAL_UARTEx_RxFifoFullCallback)
    i.HAL_UARTEx_SetRxFifoThreshold          0x08001048   Section        0  stm32g0xx_hal_uart_ex.o(i.HAL_UARTEx_SetRxFifoThreshold)
    i.HAL_UARTEx_SetTxFifoThreshold          0x08001096   Section        0  stm32g0xx_hal_uart_ex.o(i.HAL_UARTEx_SetTxFifoThreshold)
    i.HAL_UARTEx_TxFifoEmptyCallback         0x080010e2   Section        0  stm32g0xx_hal_uart_ex.o(i.HAL_UARTEx_TxFifoEmptyCallback)
    i.HAL_UARTEx_WakeupCallback              0x080010e4   Section        0  stm32g0xx_hal_uart_ex.o(i.HAL_UARTEx_WakeupCallback)
    i.HAL_UART_DMAStop                       0x080010e6   Section        0  stm32g0xx_hal_uart.o(i.HAL_UART_DMAStop)
    i.HAL_UART_ErrorCallback                 0x08001164   Section        0  stm32g0xx_hal_uart.o(i.HAL_UART_ErrorCallback)
    i.HAL_UART_IRQHandler                    0x08001168   Section        0  stm32g0xx_hal_uart.o(i.HAL_UART_IRQHandler)
    i.HAL_UART_Init                          0x080012ec   Section        0  stm32g0xx_hal_uart.o(i.HAL_UART_Init)
    i.HAL_UART_MspInit                       0x0800135c   Section        0  usart.o(i.HAL_UART_MspInit)
    i.HAL_UART_Receive_DMA                   0x0800142c   Section        0  stm32g0xx_hal_uart.o(i.HAL_UART_Receive_DMA)
    i.HAL_UART_RxCpltCallback                0x080014e8   Section        0  main.o(i.HAL_UART_RxCpltCallback)
    i.HAL_UART_RxHalfCpltCallback            0x080014ea   Section        0  stm32g0xx_hal_uart.o(i.HAL_UART_RxHalfCpltCallback)
    i.HAL_UART_Transmit_DMA                  0x080014ec   Section        0  stm32g0xx_hal_uart.o(i.HAL_UART_Transmit_DMA)
    i.HAL_UART_TxCpltCallback                0x080015a0   Section        0  main.o(i.HAL_UART_TxCpltCallback)
    i.HAL_UART_TxHalfCpltCallback            0x080015a2   Section        0  stm32g0xx_hal_uart.o(i.HAL_UART_TxHalfCpltCallback)
    i.HardFault_Handler                      0x080015a4   Section        0  stm32g0xx_it.o(i.HardFault_Handler)
    i.LpuartReceive_IDLE                     0x080015a8   Section        0  usart.o(i.LpuartReceive_IDLE)
    i.MX_DMA_Init                            0x080015f4   Section        0  dma.o(i.MX_DMA_Init)
    i.MX_GPIO_Init                           0x0800162c   Section        0  gpio.o(i.MX_GPIO_Init)
    i.MX_LPUART1_UART_Init                   0x08001660   Section        0  usart.o(i.MX_LPUART1_UART_Init)
    i.NMI_Handler                            0x080016c8   Section        0  stm32g0xx_it.o(i.NMI_Handler)
    i.NVIC_SetPriority                       0x080016cc   Section        0  stm32g0xx_hal_cortex.o(i.NVIC_SetPriority)
    NVIC_SetPriority                         0x080016cd   Thumb Code    60  stm32g0xx_hal_cortex.o(i.NVIC_SetPriority)
    i.PendSV_Handler                         0x08001710   Section        0  stm32g0xx_it.o(i.PendSV_Handler)
    i.SVC_Handler                            0x08001712   Section        0  stm32g0xx_it.o(i.SVC_Handler)
    i.SysTick_Handler                        0x08001714   Section        0  stm32g0xx_it.o(i.SysTick_Handler)
    i.SystemClock_Config                     0x0800171c   Section        0  main.o(i.SystemClock_Config)
    i.SystemInit                             0x08001790   Section        0  system_stm32g0xx.o(i.SystemInit)
    i.UARTEx_SetNbDataToProcess              0x080017a0   Section        0  stm32g0xx_hal_uart_ex.o(i.UARTEx_SetNbDataToProcess)
    UARTEx_SetNbDataToProcess                0x080017a1   Thumb Code    80  stm32g0xx_hal_uart_ex.o(i.UARTEx_SetNbDataToProcess)
    i.UART_AdvFeatureConfig                  0x08001800   Section        0  stm32g0xx_hal_uart.o(i.UART_AdvFeatureConfig)
    i.UART_CheckIdleState                    0x080018cc   Section        0  stm32g0xx_hal_uart.o(i.UART_CheckIdleState)
    i.UART_DMAAbortOnError                   0x08001930   Section        0  stm32g0xx_hal_uart.o(i.UART_DMAAbortOnError)
    UART_DMAAbortOnError                     0x08001931   Thumb Code    20  stm32g0xx_hal_uart.o(i.UART_DMAAbortOnError)
    i.UART_DMAError                          0x08001944   Section        0  stm32g0xx_hal_uart.o(i.UART_DMAError)
    UART_DMAError                            0x08001945   Thumb Code    78  stm32g0xx_hal_uart.o(i.UART_DMAError)
    i.UART_DMAReceiveCplt                    0x08001992   Section        0  stm32g0xx_hal_uart.o(i.UART_DMAReceiveCplt)
    UART_DMAReceiveCplt                      0x08001993   Thumb Code    64  stm32g0xx_hal_uart.o(i.UART_DMAReceiveCplt)
    i.UART_DMARxHalfCplt                     0x080019d2   Section        0  stm32g0xx_hal_uart.o(i.UART_DMARxHalfCplt)
    UART_DMARxHalfCplt                       0x080019d3   Thumb Code    10  stm32g0xx_hal_uart.o(i.UART_DMARxHalfCplt)
    i.UART_DMATransmitCplt                   0x080019dc   Section        0  stm32g0xx_hal_uart.o(i.UART_DMATransmitCplt)
    UART_DMATransmitCplt                     0x080019dd   Thumb Code    48  stm32g0xx_hal_uart.o(i.UART_DMATransmitCplt)
    i.UART_DMATxHalfCplt                     0x08001a0c   Section        0  stm32g0xx_hal_uart.o(i.UART_DMATxHalfCplt)
    UART_DMATxHalfCplt                       0x08001a0d   Thumb Code    10  stm32g0xx_hal_uart.o(i.UART_DMATxHalfCplt)
    i.UART_EndRxTransfer                     0x08001a18   Section        0  stm32g0xx_hal_uart.o(i.UART_EndRxTransfer)
    UART_EndRxTransfer                       0x08001a19   Thumb Code    34  stm32g0xx_hal_uart.o(i.UART_EndRxTransfer)
    i.UART_EndTxTransfer                     0x08001a40   Section        0  stm32g0xx_hal_uart.o(i.UART_EndTxTransfer)
    UART_EndTxTransfer                       0x08001a41   Thumb Code    30  stm32g0xx_hal_uart.o(i.UART_EndTxTransfer)
    i.UART_SetConfig                         0x08001a60   Section        0  stm32g0xx_hal_uart.o(i.UART_SetConfig)
    i.UART_WaitOnFlagUntilTimeout            0x080020bc   Section        0  stm32g0xx_hal_uart.o(i.UART_WaitOnFlagUntilTimeout)
    i.USART3_4_LPUART1_IRQHandler            0x08002124   Section        0  stm32g0xx_it.o(i.USART3_4_LPUART1_IRQHandler)
    i.__scatterload_copy                     0x08002138   Section       14  handlers.o(i.__scatterload_copy)
    i.__scatterload_null                     0x08002146   Section        2  handlers.o(i.__scatterload_null)
    i.__scatterload_zeroinit                 0x08002148   Section       14  handlers.o(i.__scatterload_zeroinit)
    i.main                                   0x08002158   Section        0  main.o(i.main)
    .constdata                               0x080021a4   Section       64  system_stm32g0xx.o(.constdata)
    .constdata                               0x080021e4   Section       32  system_stm32g0xx.o(.constdata)
    .data                                    0x20000000   Section       12  stm32g0xx_hal.o(.data)
    .data                                    0x2000000c   Section        4  system_stm32g0xx.o(.data)
    .bss                                     0x20000010   Section      130  main.o(.bss)
    .bss                                     0x20000094   Section      324  usart.o(.bss)
    STACK                                    0x200001d8   Section     1024  startup_stm32g071xx.o(STACK)

    Global Symbols

    Symbol Name                              Value     Ov Type        Size  Object(Section)

    BuildAttributes$$THM_ISAv3M$S$PE$A:L22$X:L11$S22$IEEE1$IW$USESV6$~STKCKD$USESV7$~SHL$OSPACE$EBA8$MICROLIB$REQ8$PRES8$EABIv2 0x00000000   Number         0  anon$$obj.o ABSOLUTE
    __ARM_use_no_argv                        0x00000000   Number         0  main.o ABSOLUTE
    __cpp_initialize__aeabi_                  - Undefined Weak Reference
    __cxa_finalize                            - Undefined Weak Reference
    __decompress                              - Undefined Weak Reference
    _clock_init                               - Undefined Weak Reference
    _microlib_exit                            - Undefined Weak Reference
    __Vectors_Size                           0x000000bc   Number         0  startup_stm32g071xx.o ABSOLUTE
    __Vectors                                0x08000000   Data           4  startup_stm32g071xx.o(RESET)
    __Vectors_End                            0x080000bc   Data           0  startup_stm32g071xx.o(RESET)
    __main                                   0x080000bd   Thumb Code     0  entry.o(.ARM.Collect$$$$00000000)
    _main_stk                                0x080000bd   Thumb Code     0  entry2.o(.ARM.Collect$$$$00000001)
    _main_scatterload                        0x080000c1   Thumb Code     0  entry5.o(.ARM.Collect$$$$00000004)
    __main_after_scatterload                 0x080000c5   Thumb Code     0  entry5.o(.ARM.Collect$$$$00000004)
    _main_clock                              0x080000c5   Thumb Code     0  entry7b.o(.ARM.Collect$$$$00000008)
    _main_cpp_init                           0x080000c5   Thumb Code     0  entry8b.o(.ARM.Collect$$$$0000000A)
    _main_init                               0x080000c5   Thumb Code     0  entry9a.o(.ARM.Collect$$$$0000000B)
    __rt_final_cpp                           0x080000cd   Thumb Code     0  entry10a.o(.ARM.Collect$$$$0000000D)
    __rt_final_exit                          0x080000cd   Thumb Code     0  entry11a.o(.ARM.Collect$$$$0000000F)
    Reset_Handler                            0x080000d1   Thumb Code     8  startup_stm32g071xx.o(.text)
    ADC1_COMP_IRQHandler                     0x080000e3   Thumb Code     0  startup_stm32g071xx.o(.text)
    CEC_IRQHandler                           0x080000e3   Thumb Code     0  startup_stm32g071xx.o(.text)
    DMA1_Ch4_7_DMAMUX1_OVR_IRQHandler        0x080000e3   Thumb Code     0  startup_stm32g071xx.o(.text)
    EXTI0_1_IRQHandler                       0x080000e3   Thumb Code     0  startup_stm32g071xx.o(.text)
    EXTI2_3_IRQHandler                       0x080000e3   Thumb Code     0  startup_stm32g071xx.o(.text)
    EXTI4_15_IRQHandler                      0x080000e3   Thumb Code     0  startup_stm32g071xx.o(.text)
    FLASH_IRQHandler                         0x080000e3   Thumb Code     0  startup_stm32g071xx.o(.text)
    I2C1_IRQHandler                          0x080000e3   Thumb Code     0  startup_stm32g071xx.o(.text)
    I2C2_IRQHandler                          0x080000e3   Thumb Code     0  startup_stm32g071xx.o(.text)
    PVD_IRQHandler                           0x080000e3   Thumb Code     0  startup_stm32g071xx.o(.text)
    RCC_IRQHandler                           0x080000e3   Thumb Code     0  startup_stm32g071xx.o(.text)
    RTC_TAMP_IRQHandler                      0x080000e3   Thumb Code     0  startup_stm32g071xx.o(.text)
    SPI1_IRQHandler                          0x080000e3   Thumb Code     0  startup_stm32g071xx.o(.text)
    SPI2_IRQHandler                          0x080000e3   Thumb Code     0  startup_stm32g071xx.o(.text)
    TIM14_IRQHandler                         0x080000e3   Thumb Code     0  startup_stm32g071xx.o(.text)
    TIM15_IRQHandler                         0x080000e3   Thumb Code     0  startup_stm32g071xx.o(.text)
    TIM16_IRQHandler                         0x080000e3   Thumb Code     0  startup_stm32g071xx.o(.text)
    TIM17_IRQHandler                         0x080000e3   Thumb Code     0  startup_stm32g071xx.o(.text)
    TIM1_BRK_UP_TRG_COM_IRQHandler           0x080000e3   Thumb Code     0  startup_stm32g071xx.o(.text)
    TIM1_CC_IRQHandler                       0x080000e3   Thumb Code     0  startup_stm32g071xx.o(.text)
    TIM2_IRQHandler                          0x080000e3   Thumb Code     0  startup_stm32g071xx.o(.text)
    TIM3_IRQHandler                          0x080000e3   Thumb Code     0  startup_stm32g071xx.o(.text)
    TIM6_DAC_LPTIM1_IRQHandler               0x080000e3   Thumb Code     0  startup_stm32g071xx.o(.text)
    TIM7_LPTIM2_IRQHandler                   0x080000e3   Thumb Code     0  startup_stm32g071xx.o(.text)
    UCPD1_2_IRQHandler                       0x080000e3   Thumb Code     0  startup_stm32g071xx.o(.text)
    USART1_IRQHandler                        0x080000e3   Thumb Code     0  startup_stm32g071xx.o(.text)
    USART2_IRQHandler                        0x080000e3   Thumb Code     0  startup_stm32g071xx.o(.text)
    WWDG_IRQHandler                          0x080000e3   Thumb Code     0  startup_stm32g071xx.o(.text)
    __aeabi_uidiv                            0x080000ed   Thumb Code     0  uidiv.o(.text)
    __aeabi_uidivmod                         0x080000ed   Thumb Code    44  uidiv.o(.text)
    __aeabi_uldivmod                         0x08000119   Thumb Code    96  uldiv.o(.text)
    __aeabi_memset                           0x08000179   Thumb Code    14  memseta.o(.text)
    __aeabi_memset4                          0x08000179   Thumb Code     0  memseta.o(.text)
    __aeabi_memset8                          0x08000179   Thumb Code     0  memseta.o(.text)
    __aeabi_memclr                           0x08000187   Thumb Code     4  memseta.o(.text)
    __aeabi_memclr4                          0x08000187   Thumb Code     0  memseta.o(.text)
    __aeabi_memclr8                          0x08000187   Thumb Code     0  memseta.o(.text)
    _memset$wrapper                          0x0800018b   Thumb Code    18  memseta.o(.text)
    __aeabi_llsl                             0x0800019d   Thumb Code    32  llshl.o(.text)
    _ll_shift_l                              0x0800019d   Thumb Code     0  llshl.o(.text)
    __aeabi_llsr                             0x080001bd   Thumb Code    34  llushr.o(.text)
    _ll_ushift_r                             0x080001bd   Thumb Code     0  llushr.o(.text)
    __scatterload                            0x080001e1   Thumb Code    28  init.o(.text)
    __scatterload_rt2                        0x080001e1   Thumb Code     0  init.o(.text)
    DMA1_Channel1_IRQHandler                 0x08000205   Thumb Code    10  stm32g0xx_it.o(i.DMA1_Channel1_IRQHandler)
    DMA1_Channel2_3_IRQHandler               0x08000215   Thumb Code    10  stm32g0xx_it.o(i.DMA1_Channel2_3_IRQHandler)
    Error_Handler                            0x080002c1   Thumb Code     2  main.o(i.Error_Handler)
    HAL_DMA_Abort                            0x080002c5   Thumb Code   112  stm32g0xx_hal_dma.o(i.HAL_DMA_Abort)
    HAL_DMA_Abort_IT                         0x08000339   Thumb Code   122  stm32g0xx_hal_dma.o(i.HAL_DMA_Abort_IT)
    HAL_DMA_GetError                         0x080003b9   Thumb Code     4  stm32g0xx_hal_dma.o(i.HAL_DMA_GetError)
    HAL_DMA_IRQHandler                       0x080003bd   Thumb Code   180  stm32g0xx_hal_dma.o(i.HAL_DMA_IRQHandler)
    HAL_DMA_Init                             0x08000475   Thumb Code   152  stm32g0xx_hal_dma.o(i.HAL_DMA_Init)
    HAL_DMA_Start_IT                         0x08000515   Thumb Code   138  stm32g0xx_hal_dma.o(i.HAL_DMA_Start_IT)
    HAL_GPIO_Init                            0x080005a5   Thumb Code   292  stm32g0xx_hal_gpio.o(i.HAL_GPIO_Init)
    HAL_GetTick                              0x080006d9   Thumb Code     6  stm32g0xx_hal.o(i.HAL_GetTick)
    HAL_IncTick                              0x080006e5   Thumb Code    12  stm32g0xx_hal.o(i.HAL_IncTick)
    HAL_Init                                 0x080006f5   Thumb Code    36  stm32g0xx_hal.o(i.HAL_Init)
    HAL_InitTick                             0x0800071d   Thumb Code    64  stm32g0xx_hal.o(i.HAL_InitTick)
    HAL_MspInit                              0x08000765   Thumb Code    38  stm32g0xx_hal_msp.o(i.HAL_MspInit)
    HAL_NVIC_EnableIRQ                       0x08000791   Thumb Code    14  stm32g0xx_hal_cortex.o(i.HAL_NVIC_EnableIRQ)
    HAL_NVIC_SetPriority                     0x080007a5   Thumb Code     8  stm32g0xx_hal_cortex.o(i.HAL_NVIC_SetPriority)
    HAL_PWREx_ControlVoltageScaling          0x080007ad   Thumb Code    62  stm32g0xx_hal_pwr_ex.o(i.HAL_PWREx_ControlVoltageScaling)
    HAL_RCCEx_PeriphCLKConfig                0x080007f9   Thumb Code   460  stm32g0xx_hal_rcc_ex.o(i.HAL_RCCEx_PeriphCLKConfig)
    HAL_RCC_ClockConfig                      0x080009d9   Thumb Code   318  stm32g0xx_hal_rcc.o(i.HAL_RCC_ClockConfig)
    HAL_RCC_GetPCLK1Freq                     0x08000b31   Thumb Code    26  stm32g0xx_hal_rcc.o(i.HAL_RCC_GetPCLK1Freq)
    HAL_RCC_GetSysClockFreq                  0x08000b59   Thumb Code   130  stm32g0xx_hal_rcc.o(i.HAL_RCC_GetSysClockFreq)
    HAL_RCC_OscConfig                        0x08000be5   Thumb Code   970  stm32g0xx_hal_rcc.o(i.HAL_RCC_OscConfig)
    HAL_SYSTICK_Config                       0x08000fd5   Thumb Code    38  stm32g0xx_hal_cortex.o(i.HAL_SYSTICK_Config)
    HAL_UARTEx_DisableFifoMode               0x08001005   Thumb Code    66  stm32g0xx_hal_uart_ex.o(i.HAL_UARTEx_DisableFifoMode)
    HAL_UARTEx_RxFifoFullCallback            0x08001047   Thumb Code     2  stm32g0xx_hal_uart_ex.o(i.HAL_UARTEx_RxFifoFullCallback)
    HAL_UARTEx_SetRxFifoThreshold            0x08001049   Thumb Code    78  stm32g0xx_hal_uart_ex.o(i.HAL_UARTEx_SetRxFifoThreshold)
    HAL_UARTEx_SetTxFifoThreshold            0x08001097   Thumb Code    76  stm32g0xx_hal_uart_ex.o(i.HAL_UARTEx_SetTxFifoThreshold)
    HAL_UARTEx_TxFifoEmptyCallback           0x080010e3   Thumb Code     2  stm32g0xx_hal_uart_ex.o(i.HAL_UARTEx_TxFifoEmptyCallback)
    HAL_UARTEx_WakeupCallback                0x080010e5   Thumb Code     2  stm32g0xx_hal_uart_ex.o(i.HAL_UARTEx_WakeupCallback)
    HAL_UART_DMAStop                         0x080010e7   Thumb Code   126  stm32g0xx_hal_uart.o(i.HAL_UART_DMAStop)
    HAL_UART_ErrorCallback                   0x08001165   Thumb Code     2  stm32g0xx_hal_uart.o(i.HAL_UART_ErrorCallback)
    HAL_UART_IRQHandler                      0x08001169   Thumb Code   380  stm32g0xx_hal_uart.o(i.HAL_UART_IRQHandler)
    HAL_UART_Init                            0x080012ed   Thumb Code   112  stm32g0xx_hal_uart.o(i.HAL_UART_Init)
    HAL_UART_MspInit                         0x0800135d   Thumb Code   192  usart.o(i.HAL_UART_MspInit)
    HAL_UART_Receive_DMA                     0x0800142d   Thumb Code   176  stm32g0xx_hal_uart.o(i.HAL_UART_Receive_DMA)
    HAL_UART_RxCpltCallback                  0x080014e9   Thumb Code     2  main.o(i.HAL_UART_RxCpltCallback)
    HAL_UART_RxHalfCpltCallback              0x080014eb   Thumb Code     2  stm32g0xx_hal_uart.o(i.HAL_UART_RxHalfCpltCallback)
    HAL_UART_Transmit_DMA                    0x080014ed   Thumb Code   166  stm32g0xx_hal_uart.o(i.HAL_UART_Transmit_DMA)
    HAL_UART_TxCpltCallback                  0x080015a1   Thumb Code     2  main.o(i.HAL_UART_TxCpltCallback)
    HAL_UART_TxHalfCpltCallback              0x080015a3   Thumb Code     2  stm32g0xx_hal_uart.o(i.HAL_UART_TxHalfCpltCallback)
    HardFault_Handler                        0x080015a5   Thumb Code     2  stm32g0xx_it.o(i.HardFault_Handler)
    LpuartReceive_IDLE                       0x080015a9   Thumb Code    62  usart.o(i.LpuartReceive_IDLE)
    MX_DMA_Init                              0x080015f5   Thumb Code    52  dma.o(i.MX_DMA_Init)
    MX_GPIO_Init                             0x0800162d   Thumb Code    48  gpio.o(i.MX_GPIO_Init)
    MX_LPUART1_UART_Init                     0x08001661   Thumb Code    96  usart.o(i.MX_LPUART1_UART_Init)
    NMI_Handler                              0x080016c9   Thumb Code     2  stm32g0xx_it.o(i.NMI_Handler)
    PendSV_Handler                           0x08001711   Thumb Code     2  stm32g0xx_it.o(i.PendSV_Handler)
    SVC_Handler                              0x08001713   Thumb Code     2  stm32g0xx_it.o(i.SVC_Handler)
    SysTick_Handler                          0x08001715   Thumb Code     8  stm32g0xx_it.o(i.SysTick_Handler)
    SystemClock_Config                       0x0800171d   Thumb Code   114  main.o(i.SystemClock_Config)
    SystemInit                               0x08001791   Thumb Code    10  system_stm32g0xx.o(i.SystemInit)
    UART_AdvFeatureConfig                    0x08001801   Thumb Code   202  stm32g0xx_hal_uart.o(i.UART_AdvFeatureConfig)
    UART_CheckIdleState                      0x080018cd   Thumb Code    94  stm32g0xx_hal_uart.o(i.UART_CheckIdleState)
    UART_SetConfig                           0x08001a61   Thumb Code  1620  stm32g0xx_hal_uart.o(i.UART_SetConfig)
    UART_WaitOnFlagUntilTimeout              0x080020bd   Thumb Code   102  stm32g0xx_hal_uart.o(i.UART_WaitOnFlagUntilTimeout)
    USART3_4_LPUART1_IRQHandler              0x08002125   Thumb Code    16  stm32g0xx_it.o(i.USART3_4_LPUART1_IRQHandler)
    __scatterload_copy                       0x08002139   Thumb Code    14  handlers.o(i.__scatterload_copy)
    __scatterload_null                       0x08002147   Thumb Code     2  handlers.o(i.__scatterload_null)
    __scatterload_zeroinit                   0x08002149   Thumb Code    14  handlers.o(i.__scatterload_zeroinit)
    main                                     0x08002159   Thumb Code    68  main.o(i.main)
    AHBPrescTable                            0x080021a4   Data          64  system_stm32g0xx.o(.constdata)
    APBPrescTable                            0x080021e4   Data          32  system_stm32g0xx.o(.constdata)
    Region$$Table$$Base                      0x08002204   Number         0  anon$$obj.o(Region$$Table)
    Region$$Table$$Limit                     0x08002224   Number         0  anon$$obj.o(Region$$Table)
    uwTickPrio                               0x20000000   Data           4  stm32g0xx_hal.o(.data)
    uwTickFreq                               0x20000004   Data           4  stm32g0xx_hal.o(.data)
    uwTick                                   0x20000008   Data           4  stm32g0xx_hal.o(.data)
    SystemCoreClock                          0x2000000c   Data           4  system_stm32g0xx.o(.data)
    S_Data_From_Uart                         0x20000010   Data         130  main.o(.bss)
    hlpuart1                                 0x20000094   Data         140  usart.o(.bss)
    hdma_lpuart1_rx                          0x20000120   Data          92  usart.o(.bss)
    hdma_lpuart1_tx                          0x2000017c   Data          92  usart.o(.bss)
    __initial_sp                             0x200005d8   Data           0  startup_stm32g071xx.o(STACK)



==============================================================================

Memory Map of the image

  Image Entry point : 0x080000bd

  Load Region LR_IROM1 (Base: 0x08000000, Size: 0x00002234, Max: 0x00020000, ABSOLUTE)

    Execution Region ER_IROM1 (Base: 0x08000000, Size: 0x00002224, Max: 0x00020000, ABSOLUTE)

    Base Addr    Size         Type   Attr      Idx    E Section Name        Object

    0x08000000   0x000000bc   Data   RO            3    RESET               startup_stm32g071xx.o
    0x080000bc   0x00000000   Code   RO         2095  * .ARM.Collect$$$$00000000  mc_p.l(entry.o)
    0x080000bc   0x00000004   Code   RO         2104    .ARM.Collect$$$$00000001  mc_p.l(entry2.o)
    0x080000c0   0x00000004   Code   RO         2107    .ARM.Collect$$$$00000004  mc_p.l(entry5.o)
    0x080000c4   0x00000000   Code   RO         2109    .ARM.Collect$$$$00000008  mc_p.l(entry7b.o)
    0x080000c4   0x00000000   Code   RO         2111    .ARM.Collect$$$$0000000A  mc_p.l(entry8b.o)
    0x080000c4   0x00000008   Code   RO         2112    .ARM.Collect$$$$0000000B  mc_p.l(entry9a.o)
    0x080000cc   0x00000000   Code   RO         2114    .ARM.Collect$$$$0000000D  mc_p.l(entry10a.o)
    0x080000cc   0x00000000   Code   RO         2116    .ARM.Collect$$$$0000000F  mc_p.l(entry11a.o)
    0x080000cc   0x00000004   Code   RO         2105    .ARM.Collect$$$$00002712  mc_p.l(entry2.o)
    0x080000d0   0x0000001c   Code   RO            4    .text               startup_stm32g071xx.o
    0x080000ec   0x0000002c   Code   RO         2098    .text               mc_p.l(uidiv.o)
    0x08000118   0x00000060   Code   RO         2100    .text               mc_p.l(uldiv.o)
    0x08000178   0x00000024   Code   RO         2102    .text               mc_p.l(memseta.o)
    0x0800019c   0x00000020   Code   RO         2118    .text               mc_p.l(llshl.o)
    0x080001bc   0x00000022   Code   RO         2120    .text               mc_p.l(llushr.o)
    0x080001de   0x00000002   PAD
    0x080001e0   0x00000024   Code   RO         2122    .text               mc_p.l(init.o)
    0x08000204   0x00000010   Code   RO          252    i.DMA1_Channel1_IRQHandler  stm32g0xx_it.o
    0x08000214   0x00000010   Code   RO          253    i.DMA1_Channel2_3_IRQHandler  stm32g0xx_it.o
    0x08000224   0x00000030   Code   RO         1256    i.DMA_CalcDMAMUXChannelBaseAndMask  stm32g0xx_hal_dma.o
    0x08000254   0x00000024   Code   RO         1257    i.DMA_CalcDMAMUXRequestGenBaseAndMask  stm32g0xx_hal_dma.o
    0x08000278   0x00000048   Code   RO         1258    i.DMA_SetConfig     stm32g0xx_hal_dma.o
    0x080002c0   0x00000002   Code   RO           12    i.Error_Handler     main.o
    0x080002c2   0x00000002   PAD
    0x080002c4   0x00000074   Code   RO         1259    i.HAL_DMA_Abort     stm32g0xx_hal_dma.o
    0x08000338   0x00000080   Code   RO         1260    i.HAL_DMA_Abort_IT  stm32g0xx_hal_dma.o
    0x080003b8   0x00000004   Code   RO         1262    i.HAL_DMA_GetError  stm32g0xx_hal_dma.o
    0x080003bc   0x000000b8   Code   RO         1264    i.HAL_DMA_IRQHandler  stm32g0xx_hal_dma.o
    0x08000474   0x000000a0   Code   RO         1265    i.HAL_DMA_Init      stm32g0xx_hal_dma.o
    0x08000514   0x00000090   Code   RO         1269    i.HAL_DMA_Start_IT  stm32g0xx_hal_dma.o
    0x080005a4   0x00000134   Code   RO          342    i.HAL_GPIO_Init     stm32g0xx_hal_gpio.o
    0x080006d8   0x0000000c   Code   RO         1786    i.HAL_GetTick       stm32g0xx_hal.o
    0x080006e4   0x00000010   Code   RO         1792    i.HAL_IncTick       stm32g0xx_hal.o
    0x080006f4   0x00000028   Code   RO         1793    i.HAL_Init          stm32g0xx_hal.o
    0x0800071c   0x00000048   Code   RO         1794    i.HAL_InitTick      stm32g0xx_hal.o
    0x08000764   0x0000002c   Code   RO          318    i.HAL_MspInit       stm32g0xx_hal_msp.o
    0x08000790   0x00000014   Code   RO         1670    i.HAL_NVIC_EnableIRQ  stm32g0xx_hal_cortex.o
    0x080007a4   0x00000008   Code   RO         1674    i.HAL_NVIC_SetPriority  stm32g0xx_hal_cortex.o
    0x080007ac   0x0000004c   Code   RO         1525    i.HAL_PWREx_ControlVoltageScaling  stm32g0xx_hal_pwr_ex.o
    0x080007f8   0x000001e0   Code   RO         1008    i.HAL_RCCEx_PeriphCLKConfig  stm32g0xx_hal_rcc_ex.o
    0x080009d8   0x00000158   Code   RO          898    i.HAL_RCC_ClockConfig  stm32g0xx_hal_rcc.o
    0x08000b30   0x00000028   Code   RO          906    i.HAL_RCC_GetPCLK1Freq  stm32g0xx_hal_rcc.o
    0x08000b58   0x0000008c   Code   RO          907    i.HAL_RCC_GetSysClockFreq  stm32g0xx_hal_rcc.o
    0x08000be4   0x000003f0   Code   RO          911    i.HAL_RCC_OscConfig  stm32g0xx_hal_rcc.o
    0x08000fd4   0x00000030   Code   RO         1678    i.HAL_SYSTICK_Config  stm32g0xx_hal_cortex.o
    0x08001004   0x00000042   Code   RO          780    i.HAL_UARTEx_DisableFifoMode  stm32g0xx_hal_uart_ex.o
    0x08001046   0x00000002   Code   RO          784    i.HAL_UARTEx_RxFifoFullCallback  stm32g0xx_hal_uart_ex.o
    0x08001048   0x0000004e   Code   RO          785    i.HAL_UARTEx_SetRxFifoThreshold  stm32g0xx_hal_uart_ex.o
    0x08001096   0x0000004c   Code   RO          786    i.HAL_UARTEx_SetTxFifoThreshold  stm32g0xx_hal_uart_ex.o
    0x080010e2   0x00000002   Code   RO          788    i.HAL_UARTEx_TxFifoEmptyCallback  stm32g0xx_hal_uart_ex.o
    0x080010e4   0x00000002   Code   RO          789    i.HAL_UARTEx_WakeupCallback  stm32g0xx_hal_uart_ex.o
    0x080010e6   0x0000007e   Code   RO          426    i.HAL_UART_DMAStop  stm32g0xx_hal_uart.o
    0x08001164   0x00000002   Code   RO          428    i.HAL_UART_ErrorCallback  stm32g0xx_hal_uart.o
    0x08001166   0x00000002   PAD
    0x08001168   0x00000184   Code   RO          431    i.HAL_UART_IRQHandler  stm32g0xx_hal_uart.o
    0x080012ec   0x00000070   Code   RO          432    i.HAL_UART_Init     stm32g0xx_hal_uart.o
    0x0800135c   0x000000d0   Code   RO          209    i.HAL_UART_MspInit  usart.o
    0x0800142c   0x000000bc   Code   RO          436    i.HAL_UART_Receive_DMA  stm32g0xx_hal_uart.o
    0x080014e8   0x00000002   Code   RO           13    i.HAL_UART_RxCpltCallback  main.o
    0x080014ea   0x00000002   Code   RO          439    i.HAL_UART_RxHalfCpltCallback  stm32g0xx_hal_uart.o
    0x080014ec   0x000000b4   Code   RO          441    i.HAL_UART_Transmit_DMA  stm32g0xx_hal_uart.o
    0x080015a0   0x00000002   Code   RO           14    i.HAL_UART_TxCpltCallback  main.o
    0x080015a2   0x00000002   Code   RO          444    i.HAL_UART_TxHalfCpltCallback  stm32g0xx_hal_uart.o
    0x080015a4   0x00000002   Code   RO          254    i.HardFault_Handler  stm32g0xx_it.o
    0x080015a6   0x00000002   PAD
    0x080015a8   0x0000004c   Code   RO          210    i.LpuartReceive_IDLE  usart.o
    0x080015f4   0x00000038   Code   RO          188    i.MX_DMA_Init       dma.o
    0x0800162c   0x00000034   Code   RO          164    i.MX_GPIO_Init      gpio.o
    0x08001660   0x00000068   Code   RO          211    i.MX_LPUART1_UART_Init  usart.o
    0x080016c8   0x00000002   Code   RO          255    i.NMI_Handler       stm32g0xx_it.o
    0x080016ca   0x00000002   PAD
    0x080016cc   0x00000044   Code   RO         1680    i.NVIC_SetPriority  stm32g0xx_hal_cortex.o
    0x08001710   0x00000002   Code   RO          256    i.PendSV_Handler    stm32g0xx_it.o
    0x08001712   0x00000002   Code   RO          257    i.SVC_Handler       stm32g0xx_it.o
    0x08001714   0x00000008   Code   RO          258    i.SysTick_Handler   stm32g0xx_it.o
    0x0800171c   0x00000072   Code   RO           15    i.SystemClock_Config  main.o
    0x0800178e   0x00000002   PAD
    0x08001790   0x00000010   Code   RO         2064    i.SystemInit        system_stm32g0xx.o
    0x080017a0   0x00000060   Code   RO          790    i.UARTEx_SetNbDataToProcess  stm32g0xx_hal_uart_ex.o
    0x08001800   0x000000ca   Code   RO          445    i.UART_AdvFeatureConfig  stm32g0xx_hal_uart.o
    0x080018ca   0x00000002   PAD
    0x080018cc   0x00000064   Code   RO          446    i.UART_CheckIdleState  stm32g0xx_hal_uart.o
    0x08001930   0x00000014   Code   RO          447    i.UART_DMAAbortOnError  stm32g0xx_hal_uart.o
    0x08001944   0x0000004e   Code   RO          448    i.UART_DMAError     stm32g0xx_hal_uart.o
    0x08001992   0x00000040   Code   RO          449    i.UART_DMAReceiveCplt  stm32g0xx_hal_uart.o
    0x080019d2   0x0000000a   Code   RO          451    i.UART_DMARxHalfCplt  stm32g0xx_hal_uart.o
    0x080019dc   0x00000030   Code   RO          453    i.UART_DMATransmitCplt  stm32g0xx_hal_uart.o
    0x08001a0c   0x0000000a   Code   RO          455    i.UART_DMATxHalfCplt  stm32g0xx_hal_uart.o
    0x08001a16   0x00000002   PAD
    0x08001a18   0x00000028   Code   RO          457    i.UART_EndRxTransfer  stm32g0xx_hal_uart.o
    0x08001a40   0x0000001e   Code   RO          458    i.UART_EndTxTransfer  stm32g0xx_hal_uart.o
    0x08001a5e   0x00000002   PAD
    0x08001a60   0x0000065c   Code   RO          463    i.UART_SetConfig    stm32g0xx_hal_uart.o
    0x080020bc   0x00000066   Code   RO          468    i.UART_WaitOnFlagUntilTimeout  stm32g0xx_hal_uart.o
    0x08002122   0x00000002   PAD
    0x08002124   0x00000014   Code   RO          259    i.USART3_4_LPUART1_IRQHandler  stm32g0xx_it.o
    0x08002138   0x0000000e   Code   RO         2126    i.__scatterload_copy  mc_p.l(handlers.o)
    0x08002146   0x00000002   Code   RO         2127    i.__scatterload_null  mc_p.l(handlers.o)
    0x08002148   0x0000000e   Code   RO         2128    i.__scatterload_zeroinit  mc_p.l(handlers.o)
    0x08002156   0x00000002   PAD
    0x08002158   0x0000004c   Code   RO           16    i.main              main.o
    0x080021a4   0x00000040   Data   RO         2065    .constdata          system_stm32g0xx.o
    0x080021e4   0x00000020   Data   RO         2066    .constdata          system_stm32g0xx.o
    0x08002204   0x00000020   Data   RO         2124    Region$$Table       anon$$obj.o


    Execution Region RW_IRAM1 (Base: 0x20000000, Size: 0x000005d8, Max: 0x00009000, ABSOLUTE)

    Base Addr    Size         Type   Attr      Idx    E Section Name        Object

    0x20000000   0x0000000c   Data   RW         1810    .data               stm32g0xx_hal.o
    0x2000000c   0x00000004   Data   RW         2067    .data               system_stm32g0xx.o
    0x20000010   0x00000082   Zero   RW           17    .bss                main.o
    0x20000092   0x00000002   PAD
    0x20000094   0x00000144   Zero   RW          212    .bss                usart.o
    0x200001d8   0x00000400   Zero   RW            1    STACK               startup_stm32g071xx.o


==============================================================================

Image component sizes


      Code (inc. data)   RO Data    RW Data    ZI Data      Debug   Object Name

        56          4          0          0          0        718   dma.o
        52          4          0          0          0        783   gpio.o
       196          8          0          0        130     431079   main.o
        28          8        188          0       1024        628   startup_stm32g071xx.o
       140         22          0         12          0       3241   stm32g0xx_hal.o
       144         24          0          0          0      10637   stm32g0xx_hal_cortex.o
       892         44          0          0          0       6777   stm32g0xx_hal_dma.o
       308         16          0          0          0       1588   stm32g0xx_hal_gpio.o
        44          6          0          0          0        802   stm32g0xx_hal_msp.o
        76         14          0          0          0        742   stm32g0xx_hal_pwr_ex.o
      1532         88          0          0          0      23269   stm32g0xx_hal_rcc.o
       480         20          0          0          0       1740   stm32g0xx_hal_rcc_ex.o
      3332         94          0          0          0      15878   stm32g0xx_hal_uart.o
       322         16          0          0          0       5214   stm32g0xx_hal_uart_ex.o
        68         16          0          0          0       3485   stm32g0xx_it.o
        16          6         96          4          0       1115   system_stm32g0xx.o
       388         38          0          0        324       2354   usart.o

    ----------------------------------------------------------------------
      8092        428        316         16       1480     510050   Object Totals
         0          0         32          0          0          0   (incl. Generated)
        18          0          0          0          2          0   (incl. Padding)

    ----------------------------------------------------------------------

      Code (inc. data)   RO Data    RW Data    ZI Data      Debug   Library Member Name

         0          0          0          0          0          0   entry.o
         0          0          0          0          0          0   entry10a.o
         0          0          0          0          0          0   entry11a.o
         8          4          0          0          0          0   entry2.o
         4          0          0          0          0          0   entry5.o
         0          0          0          0          0          0   entry7b.o
         0          0          0          0          0          0   entry8b.o
         8          4          0          0          0          0   entry9a.o
        30          0          0          0          0          0   handlers.o
        36          8          0          0          0         68   init.o
        32          0          0          0          0         68   llshl.o
        34          0          0          0          0         68   llushr.o
        36          0          0          0          0        100   memseta.o
        44          0          0          0          0         72   uidiv.o
        96          0          0          0          0         84   uldiv.o

    ----------------------------------------------------------------------
       332         16          0          0          0        460   Library Totals
         4          0          0          0          0          0   (incl. Padding)

    ----------------------------------------------------------------------

      Code (inc. data)   RO Data    RW Data    ZI Data      Debug   Library Name

       328         16          0          0          0        460   mc_p.l

    ----------------------------------------------------------------------
       332         16          0          0          0        460   Library Totals

    ----------------------------------------------------------------------

==============================================================================


      Code (inc. data)   RO Data    RW Data    ZI Data      Debug   

      8424        444        316         16       1480     507582   Grand Totals
      8424        444        316         16       1480     507582   ELF Image Totals
      8424        444        316         16          0          0   ROM Totals

==============================================================================

    Total RO  Size (Code + RO Data)                 8740 (   8.54kB)
    Total RW  Size (RW Data + ZI Data)              1496 (   1.46kB)
    Total ROM Size (Code + RO Data + RW Data)       8756 (   8.55kB)

==============================================================================

